com.crestech.opkey.exceptions.CompositeTableException -> com.crestech.opkey.a.a:
    long serialVersionUID -> a
    11:12:void <init>(java.lang.String) -> <init>
com.crestech.opkey.exceptions.CompositeTableExceptionHandler -> com.crestech.opkey.a.b:
    8:8:void <init>() -> <init>
    12:12:java.lang.Class getExceptionType() -> getExceptionType
    17:18:com.crestech.opkey.plugin.communication.contracts.functionresult.FunctionResult handle(java.lang.Throwable) -> handle
com.crestech.opkey.plugin.BeforeKeywordSessionCleanup -> com.crestech.opkey.plugin.BeforeKeywordSessionCleanup:
    6:6:void <init>() -> <init>
    10:12:void beforeKeywordCleanSession() -> beforeKeywordCleanSession
    16:16:void cleanSession() -> cleanSession
com.crestech.opkey.plugin.CP_Scenario -> com.crestech.opkey.plugin.a:
    java.lang.Class _class -> a
    11:11:void <clinit>() -> <clinit>
    9:9:void <init>() -> <init>
    19:22:void afterFindingElement(org.openqa.selenium.WebElement) -> afterFindingElement
com.crestech.opkey.plugin.CoupaMain -> com.crestech.opkey.plugin.CoupaMain:
    14:14:void <init>() -> <init>
    21:30:void main(java.lang.String[]) -> main
com.crestech.opkey.plugin.Finder -> com.crestech.opkey.plugin.b:
    java.lang.Class _class -> a
    25:25:void <clinit>() -> <clinit>
    23:23:void <init>() -> <init>
    30:109:java.util.List findElements(com.crestech.opkey.plugin.webdriver.object.WebDriverObject) -> findElements
    113:152:java.util.ArrayList getCustomXpaths1(com.crestech.opkey.plugin.webdriver.object.WebDriverObject) -> a
    157:200:java.util.List inputXpaths(java.lang.String,java.lang.String,java.lang.String) -> a
    204:222:java.util.List getCheckboxAndRadioXpathsByLabel(java.lang.String,java.lang.String,java.lang.String) -> b
    226:249:java.lang.String getXpathByForAttribute(com.crestech.opkey.plugin.webdriver.object.WebDriverObject) -> b
com.crestech.opkey.plugin.jsScript.ScriptReader -> com.crestech.opkey.plugin.jsScript.ScriptReader:
    9:9:void <init>() -> <init>
com.crestech.opkey.plugin.keywords.CheckBox -> com.crestech.opkey.plugin.keywords.CheckBox:
    java.lang.Class _class -> a
    32:32:void <clinit>() -> <clinit>
    30:30:void <init>() -> <init>
    36:76:com.crestech.opkey.plugin.communication.contracts.functionresult.FunctionResult Method_deSelectCheckBoxInTableCellUsingText(com.crestech.opkey.plugin.webdriver.object.WebDriverObject,java.lang.String,int,boolean,boolean) -> Method_deSelectCheckBoxInTableCellUsingText
    84:129:com.crestech.opkey.plugin.communication.contracts.functionresult.FunctionResult Method_selectCheckboxItemsInDropDown(com.crestech.opkey.plugin.webdriver.object.WebDriverObject,java.lang.String,int,boolean,boolean,java.lang.String,java.lang.String) -> Method_selectCheckboxItemsInDropDown
    133:178:com.crestech.opkey.plugin.communication.contracts.functionresult.FunctionResult Method_deSelectCheckboxItemsInDropDown(com.crestech.opkey.plugin.webdriver.object.WebDriverObject,java.lang.String,int,boolean,boolean,java.lang.String,java.lang.String) -> Method_deSelectCheckboxItemsInDropDown
    183:248:com.crestech.opkey.plugin.communication.contracts.functionresult.FunctionResult selectCheckBoxInDropDown(java.lang.String,int,boolean,boolean,java.lang.String,java.lang.String,boolean) -> selectCheckBoxInDropDown
    252:258:org.openqa.selenium.WebElement waitForDropdown() -> waitForDropdown
    263:368:com.crestech.opkey.plugin.communication.contracts.functionresult.FunctionResult Method_clickInputBoxUsingLabelText(java.lang.String,int,boolean,boolean) -> Method_clickInputBoxUsingLabelText
    261:261:com.crestech.opkey.plugin.communication.contracts.functionresult.FunctionResult access$0(com.crestech.opkey.plugin.keywords.CheckBox,java.lang.String,int,boolean,boolean) -> access$0
    251:251:org.openqa.selenium.WebElement access$1(com.crestech.opkey.plugin.keywords.CheckBox) -> access$1
com.crestech.opkey.plugin.keywords.CheckBox$1 -> com.crestech.opkey.plugin.keywords.CheckBox$1:
    com.crestech.opkey.plugin.keywords.CheckBox this$0 -> a
    java.lang.String val$textToSearch -> b
    int val$index -> c
    boolean val$isContains -> d
    java.lang.String val$valuesToSelect -> e
    java.lang.String val$delimiter -> f
    boolean val$isSelectKeyword -> g
    183:183:void <init>(com.crestech.opkey.plugin.keywords.CheckBox,java.lang.String,int,boolean,java.lang.String,java.lang.String,boolean) -> <init>
    190:245:com.crestech.opkey.plugin.communication.contracts.functionresult.FunctionResult _innerRun() -> _innerRun
com.crestech.opkey.plugin.keywords.DropDown -> com.crestech.opkey.plugin.keywords.DropDown:
    java.lang.Class _class -> a
    46:46:void <clinit>() -> <clinit>
    44:44:void <init>() -> <init>
    50:94:com.crestech.opkey.plugin.communication.contracts.functionresult.FunctionResult OF_selectDropDownByText(java.lang.String,int,boolean,java.lang.String,boolean,boolean,com.crestech.opkey.plugin.webdriver.object.WebDriverObject) -> OF_selectDropDownByText
    104:104:com.crestech.opkey.plugin.communication.contracts.functionresult.FunctionResult selectDropDownByText(java.lang.String,int,boolean,java.lang.String,boolean,boolean) -> selectDropDownByText
    110:129:com.crestech.opkey.plugin.communication.contracts.functionresult.FunctionResult selectDropDownByText(java.lang.String,int,boolean,java.lang.String,int,boolean,boolean) -> selectDropDownByText
    134:159:com.crestech.opkey.plugin.communication.contracts.functionresult.FunctionResult getDropDownTextByText(java.lang.String,int,boolean,java.lang.String,int,boolean,boolean) -> getDropDownTextByText
    163:181:java.lang.String getSelectTagtext(org.openqa.selenium.WebElement) -> getSelectTagtext
    192:192:org.openqa.selenium.WebElement getDropdownElementByText(java.lang.String,int,boolean,java.lang.String,boolean) -> getDropdownElementByText
    196:291:org.openqa.selenium.WebElement getDropdownElementByText(java.lang.String,int,boolean,java.lang.String,int,boolean) -> getDropdownElementByText
    297:313:java.lang.String getComboBoxTextByText(org.openqa.selenium.WebElement) -> getComboBoxTextByText
    318:394:com.crestech.opkey.plugin.communication.contracts.functionresult.FunctionResult selectComboBoxOptionByText(org.openqa.selenium.WebElement,java.lang.String) -> selectComboBoxOptionByText
    399:414:org.openqa.selenium.WebElement getDiv(org.openqa.selenium.WebElement) -> getDiv
    420:435:com.crestech.opkey.plugin.communication.contracts.functionresult.FunctionResult OF_selectDropDownItem(com.crestech.opkey.plugin.webdriver.object.WebDriverObject,java.lang.String) -> OF_selectDropDownItem
    195:195:org.openqa.selenium.WebElement access$0(com.crestech.opkey.plugin.keywords.DropDown,java.lang.String,int,boolean,java.lang.String,int,boolean) -> access$0
    162:162:java.lang.String access$1(com.crestech.opkey.plugin.keywords.DropDown,org.openqa.selenium.WebElement) -> access$1
com.crestech.opkey.plugin.keywords.DropDown$1 -> com.crestech.opkey.plugin.keywords.DropDown$1:
    com.crestech.opkey.plugin.keywords.DropDown this$0 -> a
    java.lang.String val$OlabelSearch -> b
    int val$Oindex -> c
    boolean val$OisContains -> d
    java.lang.String val$dropdownText -> e
    int val$dropDownIndex -> f
    boolean val$before -> g
    boolean val$isMultipleDropdown -> h
    java.lang.String val$finalDropdownText -> i
    111:111:void <init>(com.crestech.opkey.plugin.keywords.DropDown,java.lang.String,int,boolean,java.lang.String,int,boolean,boolean,java.lang.String) -> <init>
    117:127:com.crestech.opkey.plugin.communication.contracts.functionresult.FunctionResult _innerRun() -> _innerRun
com.crestech.opkey.plugin.keywords.DropDown$2 -> com.crestech.opkey.plugin.keywords.DropDown$2:
    com.crestech.opkey.plugin.keywords.DropDown this$0 -> a
    java.lang.String val$OlabelSearch -> b
    int val$Oindex -> c
    boolean val$OisContains -> d
    java.lang.String val$dropdownText -> e
    int val$dropDownIndex -> f
    boolean val$before -> g
    135:135:void <init>(com.crestech.opkey.plugin.keywords.DropDown,java.lang.String,int,boolean,java.lang.String,int,boolean) -> <init>
    141:156:com.crestech.opkey.plugin.communication.contracts.functionresult.FunctionResult _innerRun() -> _innerRun
com.crestech.opkey.plugin.keywords.DropDown$3 -> com.crestech.opkey.plugin.keywords.DropDown$3:
    com.crestech.opkey.plugin.keywords.DropDown this$0 -> a
    com.crestech.opkey.plugin.webdriver.object.WebDriverObject val$object -> c
    420:420:void <init>(com.crestech.opkey.plugin.keywords.DropDown,com.crestech.opkey.plugin.webdriver.object.WebDriverObject) -> <init>
    426:426:org.openqa.selenium.WebElement _innerRun() -> _innerRun
    1:1:java.lang.Object _innerRun() -> _innerRun
com.crestech.opkey.plugin.keywords.EditField -> com.crestech.opkey.plugin.keywords.EditField:
    java.lang.Class _class -> a
    16:16:void <clinit>() -> <clinit>
    14:14:void <init>() -> <init>
    21:62:com.crestech.opkey.plugin.communication.contracts.functionresult.FunctionResult Method_clearEditFieldUsingText(com.crestech.opkey.plugin.webdriver.object.WebDriverObject,java.lang.String,int,boolean,boolean) -> Method_clearEditFieldUsingText
    66:66:com.crestech.opkey.plugin.communication.contracts.functionresult.FunctionResult OF_typeTextUsingTextAndPressEnter(java.lang.String,int,boolean,java.lang.String,boolean,com.crestech.opkey.plugin.webdriver.object.WebDriverObject) -> OF_typeTextUsingTextAndPressEnter
    70:70:com.crestech.opkey.plugin.communication.contracts.functionresult.FunctionResult OF_SetDate(java.lang.String,int,boolean,java.lang.String,boolean,com.crestech.opkey.plugin.webdriver.object.WebDriverObject) -> OF_SetDate
com.crestech.opkey.plugin.keywords.ModuleMetaData -> com.crestech.opkey.plugin.keywords.ModuleMetaData:
    java.lang.String Module -> a
    java.lang.String Sub_Module -> b
    9:10:void <clinit>() -> <clinit>
    7:7:void <init>() -> <init>
    14:27:com.crestech.opkey.plugin.communication.contracts.functionresult.FunctionResult Method_SetMetaData(java.lang.String,java.lang.String) -> Method_SetMetaData
    31:31:java.lang.String getModule() -> getModule
    35:35:java.lang.String getSub_Module() -> getSub_Module
com.crestech.opkey.plugin.keywords.NavigatorResponsibility -> com.crestech.opkey.plugin.keywords.NavigatorResponsibility:
    java.lang.String maxHeight -> a
    java.lang.String popupViewPortResolverStyle -> b
    java.lang.String allClassModified -> c
    java.lang.String allStyleModified -> d
    31:43:void <init>() -> <init>
    35:39:void sysResolution() -> sysResolution
    52:102:com.crestech.opkey.plugin.communication.contracts.functionresult.FunctionResult Method_NavigateToWorkArea(java.lang.String,java.lang.String) -> Method_NavigateToWorkArea
    107:135:org.openqa.selenium.WebElement findChildRespElement(org.openqa.selenium.WebElement,java.lang.String) -> findChildRespElement
    141:161:java.util.List findChildRespElementInSecondPopup(java.lang.String) -> findChildRespElementInSecondPopup
    167:197:org.openqa.selenium.WebElement findParentRespWebElement(java.lang.String) -> findParentRespWebElement
    203:213:void confirmNavigatorPresence() -> confirmNavigatorPresence
    217:223:java.util.List findInFirstpopup(java.lang.String) -> findInFirstpopup
    229:235:java.util.List findInSecondpopup(java.lang.String) -> findInSecondpopup
    241:260:com.crestech.opkey.plugin.communication.contracts.functionresult.FunctionResult openSecondPopup() -> openSecondPopup
    265:287:com.crestech.opkey.plugin.communication.contracts.functionresult.FunctionResult launchNavigator() -> launchNavigator
    293:294:void clickElement(org.openqa.selenium.WebElement) -> clickElement
    298:308:void loadAndResole() -> loadAndResole
    139:139:java.util.List access$0(com.crestech.opkey.plugin.keywords.NavigatorResponsibility,java.lang.String) -> access$0
    215:215:java.util.List access$1(com.crestech.opkey.plugin.keywords.NavigatorResponsibility,java.lang.String) -> access$1
    227:227:java.util.List access$2(com.crestech.opkey.plugin.keywords.NavigatorResponsibility,java.lang.String) -> access$2
com.crestech.opkey.plugin.keywords.NavigatorResponsibility$1 -> com.crestech.opkey.plugin.keywords.NavigatorResponsibility$1:
    com.crestech.opkey.plugin.keywords.NavigatorResponsibility this$0 -> a
    org.openqa.selenium.WebElement val$siblingElement -> c
    java.lang.String val$childResp -> d
    107:107:void <init>(com.crestech.opkey.plugin.keywords.NavigatorResponsibility,org.openqa.selenium.WebElement,java.lang.String) -> <init>
    114:132:org.openqa.selenium.WebElement _innerRun() -> _innerRun
    1:1:java.lang.Object _innerRun() -> _innerRun
com.crestech.opkey.plugin.keywords.NavigatorResponsibility$2 -> com.crestech.opkey.plugin.keywords.NavigatorResponsibility$2:
    com.crestech.opkey.plugin.keywords.NavigatorResponsibility this$0 -> a
    java.lang.String val$childResp -> c
    145:145:void <init>(com.crestech.opkey.plugin.keywords.NavigatorResponsibility,java.lang.String) -> <init>
    151:159:java.util.List _innerRun() -> _innerRun
    1:1:java.lang.Object _innerRun() -> _innerRun
com.crestech.opkey.plugin.keywords.NavigatorResponsibility$3 -> com.crestech.opkey.plugin.keywords.NavigatorResponsibility$3:
    com.crestech.opkey.plugin.keywords.NavigatorResponsibility this$0 -> a
    java.lang.String val$parentResp -> c
    167:167:void <init>(com.crestech.opkey.plugin.keywords.NavigatorResponsibility,java.lang.String) -> <init>
    177:193:org.openqa.selenium.WebElement _innerRun() -> _innerRun
    1:1:java.lang.Object _innerRun() -> _innerRun
com.crestech.opkey.plugin.keywords.NavigatorResponsibility$4 -> com.crestech.opkey.plugin.keywords.NavigatorResponsibility$4:
    com.crestech.opkey.plugin.keywords.NavigatorResponsibility this$0 -> a
    241:241:void <init>(com.crestech.opkey.plugin.keywords.NavigatorResponsibility) -> <init>
    246:258:com.crestech.opkey.plugin.communication.contracts.functionresult.FunctionResult _innerRun() -> _innerRun
    1:1:java.lang.Object _innerRun() -> _innerRun
com.crestech.opkey.plugin.keywords.NavigatorResponsibility$5 -> com.crestech.opkey.plugin.keywords.NavigatorResponsibility$5:
    com.crestech.opkey.plugin.keywords.NavigatorResponsibility this$0 -> a
    265:265:void <init>(com.crestech.opkey.plugin.keywords.NavigatorResponsibility) -> <init>
    271:285:com.crestech.opkey.plugin.communication.contracts.functionresult.FunctionResult _innerRun() -> _innerRun
    1:1:java.lang.Object _innerRun() -> _innerRun
com.crestech.opkey.plugin.keywords.RadioButton -> com.crestech.opkey.plugin.keywords.RadioButton:
    java.lang.Class _class -> a
    16:16:void <clinit>() -> <clinit>
    14:14:void <init>() -> <init>
    21:61:com.crestech.opkey.plugin.communication.contracts.functionresult.FunctionResult Method_SelectRadioButtonInUsingText(com.crestech.opkey.plugin.webdriver.object.WebDriverObject,java.lang.String,int,boolean,boolean) -> Method_SelectRadioButtonInUsingText
com.crestech.opkey.plugin.keywords.ScrollInTable -> com.crestech.opkey.plugin.keywords.ScrollInTable:
    int height -> a
    29:30:void <init>() -> <init>
    36:52:com.crestech.opkey.plugin.communication.contracts.functionresult.FunctionResult Method_scrollRow(com.crestech.opkey.plugin.webdriver.object.WebDriverObject,java.lang.String,int,int,java.lang.String,java.lang.String,java.lang.String,java.lang.String,java.lang.String,java.lang.String,java.lang.String,java.lang.String,java.lang.String,java.lang.String) -> Method_scrollRow
    58:115:void ByQuery(com.crestech.opkey.plugin.webdriver.object.WebDriverObject,java.lang.String,java.lang.String,java.lang.String,java.lang.String,java.lang.String,java.lang.String,java.lang.String,java.lang.String,java.lang.String,java.lang.String,java.lang.String) -> ByQuery
    119:148:org.openqa.selenium.WebElement ByRow(com.crestech.opkey.plugin.webdriver.object.WebDriverObject,java.lang.String,int) -> ByRow
    152:165:java.lang.String createXpath(org.jsoup.nodes.Element) -> createXpath
    169:176:int elementIndex(org.jsoup.nodes.Element) -> elementIndex
    182:238:org.openqa.selenium.WebElement findTableCellByQuery(com.crestech.opkey.plugin.webdriver.object.WebDriverObject,java.lang.String,java.lang.String,java.lang.String,java.lang.String,java.lang.String,java.lang.String,java.lang.String,java.lang.String,java.lang.String,java.lang.String,java.lang.String) -> findTableCellByQuery
    243:281:org.openqa.selenium.WebElement findTableCellByRowIndex(com.crestech.opkey.plugin.webdriver.object.WebDriverObject,java.lang.String,int) -> findTableCellByRowIndex
    285:295:org.openqa.selenium.WebElement getCell(org.jsoup.nodes.Element,org.openqa.selenium.WebElement) -> getCell
    299:302:org.openqa.selenium.WebElement getFirstCell(org.jsoup.nodes.Element,org.openqa.selenium.WebElement) -> getFirstCell
    306:312:org.openqa.selenium.WebElement findTableCellByAdapter(org.openqa.selenium.WebElement) -> findTableCellByAdapter
    316:325:void main(java.lang.String[]) -> main
    328:346:void scrollDiv(com.crestech.opkey.plugin.webdriver.object.WebDriverObject) -> scrollDiv
    117:117:org.openqa.selenium.WebElement access$0(com.crestech.opkey.plugin.keywords.ScrollInTable,com.crestech.opkey.plugin.webdriver.object.WebDriverObject,java.lang.String,int) -> access$0
    55:55:void access$1(com.crestech.opkey.plugin.keywords.ScrollInTable,com.crestech.opkey.plugin.webdriver.object.WebDriverObject,java.lang.String,java.lang.String,java.lang.String,java.lang.String,java.lang.String,java.lang.String,java.lang.String,java.lang.String,java.lang.String,java.lang.String,java.lang.String) -> access$1
com.crestech.opkey.plugin.keywords.ScrollInTable$1 -> com.crestech.opkey.plugin.keywords.ScrollInTable$1:
    com.crestech.opkey.plugin.keywords.ScrollInTable this$0 -> a
    com.crestech.opkey.plugin.webdriver.object.WebDriverObject val$object -> b
    java.lang.String val$columnName -> c
    int val$rowNumber -> d
    java.lang.String val$header1 -> e
    java.lang.String val$value1 -> f
    java.lang.String val$header2 -> g
    java.lang.String val$value2 -> h
    java.lang.String val$header3 -> i
    java.lang.String val$value3 -> j
    java.lang.String val$header4 -> k
    java.lang.String val$value4 -> l
    java.lang.String val$header5 -> m
    java.lang.String val$value5 -> n
    36:36:void <init>(com.crestech.opkey.plugin.keywords.ScrollInTable,com.crestech.opkey.plugin.webdriver.object.WebDriverObject,java.lang.String,int,java.lang.String,java.lang.String,java.lang.String,java.lang.String,java.lang.String,java.lang.String,java.lang.String,java.lang.String,java.lang.String,java.lang.String) -> <init>
    42:50:com.crestech.opkey.plugin.communication.contracts.functionresult.FunctionResult _innerRun() -> _innerRun
com.crestech.opkey.plugin.keywords.Table -> com.crestech.opkey.plugin.keywords.Table:
    java.lang.Class _class -> a
    44:44:void <clinit>() -> <clinit>
    42:42:void <init>() -> <init>
    48:61:com.crestech.opkey.plugin.communication.contracts.functionresult.FunctionResult Method_clickInTableCellUsingRowIndex(com.crestech.opkey.plugin.webdriver.object.WebDriverObject,java.lang.String,int,int,java.lang.String) -> Method_clickInTableCellUsingRowIndex
    66:79:com.crestech.opkey.plugin.communication.contracts.functionresult.FunctionResult Method_doubleClickInTableCellUsingRowIndex(com.crestech.opkey.plugin.webdriver.object.WebDriverObject,java.lang.String,int,int,java.lang.String) -> Method_doubleClickInTableCellUsingRowIndex
    84:116:com.crestech.opkey.plugin.communication.contracts.functionresult.FunctionResult Method_selectDropdownInTableCellUsingRowIndex(com.crestech.opkey.plugin.webdriver.object.WebDriverObject,java.lang.String,int,int,java.lang.String,java.lang.String) -> Method_selectDropdownInTableCellUsingRowIndex
    121:132:com.crestech.opkey.plugin.communication.contracts.functionresult.FunctionResult Method_highlightTableCellUsingRowIndex(com.crestech.opkey.plugin.webdriver.object.WebDriverObject,java.lang.String,int,int,java.lang.String) -> Method_highlightTableCellUsingRowIndex
    137:138:com.crestech.opkey.plugin.communication.contracts.functionresult.FunctionResult Method_TypeTextInTableCellUsingRowIndex(com.crestech.opkey.plugin.webdriver.object.WebDriverObject,java.lang.String,int,int,java.lang.String,java.lang.String) -> Method_TypeTextInTableCellUsingRowIndex
    144:185:com.crestech.opkey.plugin.communication.contracts.functionresult.FunctionResult OF_TypeTextInTableCellAndPresKeyUsingRowIndex(com.crestech.opkey.plugin.webdriver.object.WebDriverObject,java.lang.String,int,int,java.lang.String,java.lang.String,java.lang.String) -> OF_TypeTextInTableCellAndPresKeyUsingRowIndex
    190:202:com.crestech.opkey.plugin.communication.contracts.functionresult.FunctionResult Method_getTableCellValueUsingRowIndex(com.crestech.opkey.plugin.webdriver.object.WebDriverObject,java.lang.String,int,int,java.lang.String) -> Method_getTableCellValueUsingRowIndex
    207:223:com.crestech.opkey.plugin.communication.contracts.functionresult.FunctionResult Method_verifyTableCellValueUsingRowIndex(com.crestech.opkey.plugin.webdriver.object.WebDriverObject,java.lang.String,int,int,java.lang.String,java.lang.String) -> Method_verifyTableCellValueUsingRowIndex
    228:262:com.crestech.opkey.plugin.communication.contracts.functionresult.FunctionResult Method_clickTextInTableCellUsingRowIndex(com.crestech.opkey.plugin.webdriver.object.WebDriverObject,java.lang.String,int,java.lang.String,int,java.lang.String) -> Method_clickTextInTableCellUsingRowIndex
    267:289:com.crestech.opkey.plugin.communication.contracts.functionresult.FunctionResult Method_clearEditFieldInTableCellUsingRowIndex(com.crestech.opkey.plugin.webdriver.object.WebDriverObject,java.lang.String,int,int,java.lang.String) -> Method_clearEditFieldInTableCellUsingRowIndex
    294:306:com.crestech.opkey.plugin.communication.contracts.functionresult.FunctionResult Method_selectCheckBoxInTableCellRowIndex(com.crestech.opkey.plugin.webdriver.object.WebDriverObject,java.lang.String,int,int,java.lang.String,java.lang.String) -> Method_selectCheckBoxInTableCellRowIndex
    311:329:com.crestech.opkey.plugin.communication.contracts.functionresult.FunctionResult Method_VeirfyCheckBoxStatusInTableCellRowIndex(com.crestech.opkey.plugin.webdriver.object.WebDriverObject,java.lang.String,int,int,java.lang.String,java.lang.String) -> Method_VeirfyCheckBoxStatusInTableCellRowIndex
    334:347:com.crestech.opkey.plugin.communication.contracts.functionresult.FunctionResult Method_GetCheckBoxStatusInTableCellRowIndex(com.crestech.opkey.plugin.webdriver.object.WebDriverObject,java.lang.String,int,int,java.lang.String) -> Method_GetCheckBoxStatusInTableCellRowIndex
    352:364:com.crestech.opkey.plugin.communication.contracts.functionresult.FunctionResult Method_deSelectCheckBoxInTableCellRowIndex(com.crestech.opkey.plugin.webdriver.object.WebDriverObject,java.lang.String,int,int,java.lang.String) -> Method_deSelectCheckBoxInTableCellRowIndex
    369:384:com.crestech.opkey.plugin.communication.contracts.functionresult.FunctionResult Method_clickImageInTableCellUsingRowIndex(com.crestech.opkey.plugin.webdriver.object.WebDriverObject,java.lang.String,int,int,java.lang.String) -> Method_clickImageInTableCellUsingRowIndex
    389:508:com.crestech.opkey.plugin.communication.contracts.functionresult.FunctionResult Method_getColumnValueInTableCellUsingRowIndex(com.crestech.opkey.plugin.webdriver.object.WebDriverObject,java.lang.String,java.lang.String,java.lang.String) -> Method_getColumnValueInTableCellUsingRowIndex
    512:515:java.lang.String formatCellText(java.lang.String) -> formatCellText
    520:531:com.crestech.opkey.plugin.communication.contracts.functionresult.FunctionResult Method_mouseHoverInTableCelllUsingRowIndex(com.crestech.opkey.plugin.webdriver.object.WebDriverObject,java.lang.String,int,int,java.lang.String) -> Method_mouseHoverInTableCelllUsingRowIndex
    537:617:com.crestech.opkey.plugin.communication.contracts.functionresult.FunctionResult Method_getRowValueInTableCellUsingRowIndex(com.crestech.opkey.plugin.webdriver.object.WebDriverObject,int,java.lang.String,java.lang.String) -> Method_getRowValueInTableCellUsingRowIndex
    623:644:com.crestech.opkey.plugin.communication.contracts.functionresult.FunctionResult Method_clickLinkInTableCellUsingRowIndex(com.crestech.opkey.plugin.webdriver.object.WebDriverObject,java.lang.String,int,int,java.lang.String) -> Method_clickLinkInTableCellUsingRowIndex
    650:662:com.crestech.opkey.plugin.communication.contracts.functionresult.FunctionResult Method_selectRadioButtonInTableCellRowIndex(com.crestech.opkey.plugin.webdriver.object.WebDriverObject,java.lang.String,int,int,int,java.lang.String) -> Method_selectRadioButtonInTableCellRowIndex
    669:718:com.crestech.opkey.plugin.communication.contracts.functionresult.FunctionResult Method_GetRowNumberByColumnName(com.crestech.opkey.plugin.webdriver.object.WebDriverObject,java.lang.String,java.lang.String,int,java.lang.String) -> Method_GetRowNumberByColumnName
    722:788:com.crestech.opkey.plugin.communication.contracts.functionresult.FunctionResult Method_getColumnNameByRowNumber(com.crestech.opkey.plugin.webdriver.object.WebDriverObject,int,java.lang.String,int,java.lang.String) -> Method_getColumnNameByRowNumber
    793:818:com.crestech.opkey.plugin.communication.contracts.functionresult.FunctionResult Method_getObjectPropertyInTableCellByRowIndex(com.crestech.opkey.plugin.webdriver.object.WebDriverObject,java.lang.String,int,java.lang.String,int,java.lang.String,java.lang.String) -> Method_getObjectPropertyInTableCellByRowIndex
    828:843:com.crestech.opkey.plugin.communication.contracts.functionresult.FunctionResult Method_getTextCountInTableColumn(com.crestech.opkey.plugin.webdriver.object.WebDriverObject,java.lang.String,java.lang.String,java.lang.String) -> Method_getTextCountInTableColumn
    851:863:com.crestech.opkey.plugin.communication.contracts.functionresult.FunctionResult Method_getTextCountInTableRowUsingRowIndex(com.crestech.opkey.plugin.webdriver.object.WebDriverObject,int,java.lang.String,java.lang.String) -> Method_getTextCountInTableRowUsingRowIndex
    868:944:com.crestech.opkey.plugin.communication.contracts.functionresult.FunctionResult Method_selectRowsFromTableUsingRowIndex(com.crestech.opkey.plugin.webdriver.object.WebDriverObject,java.lang.String,boolean,java.lang.String) -> Method_selectRowsFromTableUsingRowIndex
    949:971:com.crestech.opkey.plugin.communication.contracts.functionresult.FunctionResult OF_getAllColumnCount(com.crestech.opkey.plugin.webdriver.object.WebDriverObject,java.lang.String) -> OF_getAllColumnCount
    977:998:com.crestech.opkey.plugin.communication.contracts.functionresult.FunctionResult OF_getTableRowCount(com.crestech.opkey.plugin.webdriver.object.WebDriverObject,java.lang.String) -> OF_getTableRowCount
    1004:1031:com.crestech.opkey.plugin.communication.contracts.functionresult.FunctionResult OF_getTableHeadersName(com.crestech.opkey.plugin.webdriver.object.WebDriverObject,java.lang.String,java.lang.String) -> OF_getTableHeadersName
    1041:1139:org.openqa.selenium.WebElement findTableCellByRowIndex(com.crestech.opkey.plugin.webdriver.object.WebDriverObject,java.lang.String,int,java.lang.String) -> findTableCellByRowIndex
    1143:1147:org.openqa.selenium.WebElement GetTableObjectByTableName(java.lang.String) -> GetTableObjectByTableName
    1039:1039:org.openqa.selenium.WebElement access$0(com.crestech.opkey.plugin.keywords.Table,com.crestech.opkey.plugin.webdriver.object.WebDriverObject,java.lang.String,int,java.lang.String) -> access$0
    511:511:java.lang.String access$1(com.crestech.opkey.plugin.keywords.Table,java.lang.String) -> access$1
com.crestech.opkey.plugin.keywords.Table$1 -> com.crestech.opkey.plugin.keywords.Table$1:
    com.crestech.opkey.plugin.keywords.Table this$0 -> a
    com.crestech.opkey.plugin.webdriver.object.WebDriverObject val$object -> b
    java.lang.String val$columnName -> c
    int val$rowNumber -> d
    java.lang.String val$tableName -> e
    48:48:void <init>(com.crestech.opkey.plugin.keywords.Table,com.crestech.opkey.plugin.webdriver.object.WebDriverObject,java.lang.String,int,java.lang.String) -> <init>
    55:58:com.crestech.opkey.plugin.communication.contracts.functionresult.FunctionResult _innerRun() -> _innerRun
com.crestech.opkey.plugin.keywords.Table$10 -> com.crestech.opkey.plugin.keywords.Table$10:
    com.crestech.opkey.plugin.keywords.Table this$0 -> a
    com.crestech.opkey.plugin.webdriver.object.WebDriverObject val$object -> b
    java.lang.String val$columnName -> c
    int val$rowNumber -> d
    java.lang.String val$tableName -> e
    int val$objectIndex -> f
    java.lang.String val$status -> g
    294:294:void <init>(com.crestech.opkey.plugin.keywords.Table,com.crestech.opkey.plugin.webdriver.object.WebDriverObject,java.lang.String,int,java.lang.String,int,java.lang.String) -> <init>
    301:304:com.crestech.opkey.plugin.communication.contracts.functionresult.FunctionResult _innerRun() -> _innerRun
com.crestech.opkey.plugin.keywords.Table$11 -> com.crestech.opkey.plugin.keywords.Table$11:
    com.crestech.opkey.plugin.keywords.Table this$0 -> a
    com.crestech.opkey.plugin.webdriver.object.WebDriverObject val$object -> b
    java.lang.String val$columnName -> c
    int val$rowNumber -> d
    java.lang.String val$tableName -> e
    java.lang.String val$status -> f
    311:311:void <init>(com.crestech.opkey.plugin.keywords.Table,com.crestech.opkey.plugin.webdriver.object.WebDriverObject,java.lang.String,int,java.lang.String,java.lang.String) -> <init>
    318:326:com.crestech.opkey.plugin.communication.contracts.functionresult.FunctionResult _innerRun() -> _innerRun
com.crestech.opkey.plugin.keywords.Table$12 -> com.crestech.opkey.plugin.keywords.Table$12:
    com.crestech.opkey.plugin.keywords.Table this$0 -> a
    com.crestech.opkey.plugin.webdriver.object.WebDriverObject val$object -> b
    java.lang.String val$columnName -> c
    int val$rowNumber -> d
    java.lang.String val$tableName -> e
    334:334:void <init>(com.crestech.opkey.plugin.keywords.Table,com.crestech.opkey.plugin.webdriver.object.WebDriverObject,java.lang.String,int,java.lang.String) -> <init>
    341:345:com.crestech.opkey.plugin.communication.contracts.functionresult.FunctionResult _innerRun() -> _innerRun
com.crestech.opkey.plugin.keywords.Table$13 -> com.crestech.opkey.plugin.keywords.Table$13:
    com.crestech.opkey.plugin.keywords.Table this$0 -> a
    com.crestech.opkey.plugin.webdriver.object.WebDriverObject val$object -> b
    java.lang.String val$columnName -> c
    int val$rowNumber -> d
    java.lang.String val$tableName -> e
    int val$objectIndex -> f
    352:352:void <init>(com.crestech.opkey.plugin.keywords.Table,com.crestech.opkey.plugin.webdriver.object.WebDriverObject,java.lang.String,int,java.lang.String,int) -> <init>
    359:362:com.crestech.opkey.plugin.communication.contracts.functionresult.FunctionResult _innerRun() -> _innerRun
com.crestech.opkey.plugin.keywords.Table$14 -> com.crestech.opkey.plugin.keywords.Table$14:
    com.crestech.opkey.plugin.keywords.Table this$0 -> a
    com.crestech.opkey.plugin.webdriver.object.WebDriverObject val$object -> b
    java.lang.String val$columnName -> c
    int val$rowNumber -> d
    java.lang.String val$tableName -> e
    int val$objectIndex -> f
    369:369:void <init>(com.crestech.opkey.plugin.keywords.Table,com.crestech.opkey.plugin.webdriver.object.WebDriverObject,java.lang.String,int,java.lang.String,int) -> <init>
    376:382:com.crestech.opkey.plugin.communication.contracts.functionresult.FunctionResult _innerRun() -> _innerRun
com.crestech.opkey.plugin.keywords.Table$15 -> com.crestech.opkey.plugin.keywords.Table$15:
    com.crestech.opkey.plugin.keywords.Table this$0 -> a
    java.lang.String val$tableName -> b
    com.crestech.opkey.plugin.webdriver.object.WebDriverObject val$object -> c
    java.lang.String val$finalColumnName -> d
    java.lang.String val$finalDelimeter -> e
    402:402:void <init>(com.crestech.opkey.plugin.keywords.Table,java.lang.String,com.crestech.opkey.plugin.webdriver.object.WebDriverObject,java.lang.String,java.lang.String) -> <init>
    408:506:com.crestech.opkey.plugin.communication.contracts.functionresult.FunctionResult _innerRun() -> _innerRun
com.crestech.opkey.plugin.keywords.Table$16 -> com.crestech.opkey.plugin.keywords.Table$16:
    com.crestech.opkey.plugin.keywords.Table this$0 -> a
    com.crestech.opkey.plugin.webdriver.object.WebDriverObject val$object -> b
    java.lang.String val$columnName -> c
    int val$rowNumber -> d
    java.lang.String val$tableName -> e
    520:520:void <init>(com.crestech.opkey.plugin.keywords.Table,com.crestech.opkey.plugin.webdriver.object.WebDriverObject,java.lang.String,int,java.lang.String) -> <init>
    527:529:com.crestech.opkey.plugin.communication.contracts.functionresult.FunctionResult _innerRun() -> _innerRun
com.crestech.opkey.plugin.keywords.Table$17 -> com.crestech.opkey.plugin.keywords.Table$17:
    com.crestech.opkey.plugin.keywords.Table this$0 -> a
    java.lang.String val$tableName -> b
    com.crestech.opkey.plugin.webdriver.object.WebDriverObject val$object -> c
    int val$finalRowNumber -> d
    java.lang.String val$finalDelimeter -> e
    550:550:void <init>(com.crestech.opkey.plugin.keywords.Table,java.lang.String,com.crestech.opkey.plugin.webdriver.object.WebDriverObject,int,java.lang.String) -> <init>
    557:615:com.crestech.opkey.plugin.communication.contracts.functionresult.FunctionResult _innerRun() -> _innerRun
com.crestech.opkey.plugin.keywords.Table$18 -> com.crestech.opkey.plugin.keywords.Table$18:
    com.crestech.opkey.plugin.keywords.Table this$0 -> a
    com.crestech.opkey.plugin.webdriver.object.WebDriverObject val$object -> b
    java.lang.String val$columnName -> c
    int val$rowNumber -> d
    java.lang.String val$tableName -> e
    int val$objectIndex -> f
    623:623:void <init>(com.crestech.opkey.plugin.keywords.Table,com.crestech.opkey.plugin.webdriver.object.WebDriverObject,java.lang.String,int,java.lang.String,int) -> <init>
    630:642:com.crestech.opkey.plugin.communication.contracts.functionresult.FunctionResult _innerRun() -> _innerRun
com.crestech.opkey.plugin.keywords.Table$19 -> com.crestech.opkey.plugin.keywords.Table$19:
    com.crestech.opkey.plugin.keywords.Table this$0 -> a
    com.crestech.opkey.plugin.webdriver.object.WebDriverObject val$object -> b
    java.lang.String val$columnName -> c
    int val$rowNumber -> d
    java.lang.String val$tableName -> e
    int val$objectIndex -> f
    int val$index -> g
    650:650:void <init>(com.crestech.opkey.plugin.keywords.Table,com.crestech.opkey.plugin.webdriver.object.WebDriverObject,java.lang.String,int,java.lang.String,int,int) -> <init>
    657:660:com.crestech.opkey.plugin.communication.contracts.functionresult.FunctionResult _innerRun() -> _innerRun
com.crestech.opkey.plugin.keywords.Table$2 -> com.crestech.opkey.plugin.keywords.Table$2:
    com.crestech.opkey.plugin.keywords.Table this$0 -> a
    com.crestech.opkey.plugin.webdriver.object.WebDriverObject val$object -> b
    java.lang.String val$columnName -> c
    int val$rowNumber -> d
    java.lang.String val$tableName -> e
    66:66:void <init>(com.crestech.opkey.plugin.keywords.Table,com.crestech.opkey.plugin.webdriver.object.WebDriverObject,java.lang.String,int,java.lang.String) -> <init>
    73:76:com.crestech.opkey.plugin.communication.contracts.functionresult.FunctionResult _innerRun() -> _innerRun
com.crestech.opkey.plugin.keywords.Table$20 -> com.crestech.opkey.plugin.keywords.Table$20:
    com.crestech.opkey.plugin.keywords.Table this$0 -> a
    java.lang.String val$tableName -> b
    com.crestech.opkey.plugin.webdriver.object.WebDriverObject val$object -> c
    java.lang.String val$columnName -> d
    java.lang.String val$cellValue -> e
    671:671:void <init>(com.crestech.opkey.plugin.keywords.Table,java.lang.String,com.crestech.opkey.plugin.webdriver.object.WebDriverObject,java.lang.String,java.lang.String) -> <init>
    678:715:com.crestech.opkey.plugin.communication.contracts.functionresult.FunctionResult _innerRun() -> _innerRun
com.crestech.opkey.plugin.keywords.Table$21 -> com.crestech.opkey.plugin.keywords.Table$21:
    com.crestech.opkey.plugin.keywords.Table this$0 -> a
    java.lang.String val$tableName -> b
    com.crestech.opkey.plugin.webdriver.object.WebDriverObject val$object -> c
    int val$rowNumber -> d
    java.lang.String val$cellValue -> e
    726:726:void <init>(com.crestech.opkey.plugin.keywords.Table,java.lang.String,com.crestech.opkey.plugin.webdriver.object.WebDriverObject,int,java.lang.String) -> <init>
    733:786:com.crestech.opkey.plugin.communication.contracts.functionresult.FunctionResult _innerRun() -> _innerRun
com.crestech.opkey.plugin.keywords.Table$22 -> com.crestech.opkey.plugin.keywords.Table$22:
    com.crestech.opkey.plugin.keywords.Table this$0 -> a
    com.crestech.opkey.plugin.webdriver.object.WebDriverObject val$object -> b
    java.lang.String val$columnName -> c
    int val$rowNumber -> d
    java.lang.String val$tableName -> e
    java.lang.String val$objectTag -> f
    int val$tagIndex -> g
    java.lang.String val$propertyName -> h
    798:798:void <init>(com.crestech.opkey.plugin.keywords.Table,com.crestech.opkey.plugin.webdriver.object.WebDriverObject,java.lang.String,int,java.lang.String,java.lang.String,int,java.lang.String) -> <init>
    805:815:com.crestech.opkey.plugin.communication.contracts.functionresult.FunctionResult _innerRun() -> _innerRun
com.crestech.opkey.plugin.keywords.Table$23 -> com.crestech.opkey.plugin.keywords.Table$23:
    com.crestech.opkey.plugin.keywords.Table this$0 -> a
    java.lang.String val$rows -> b
    java.lang.String val$tableName -> c
    com.crestech.opkey.plugin.webdriver.object.WebDriverObject val$object -> d
    boolean val$addHeadersRow -> e
    868:868:void <init>(com.crestech.opkey.plugin.keywords.Table,java.lang.String,java.lang.String,com.crestech.opkey.plugin.webdriver.object.WebDriverObject,boolean) -> <init>
    884:942:com.crestech.opkey.plugin.communication.contracts.functionresult.FunctionResult _innerRun() -> _innerRun
com.crestech.opkey.plugin.keywords.Table$24 -> com.crestech.opkey.plugin.keywords.Table$24:
    com.crestech.opkey.plugin.keywords.Table this$0 -> a
    java.lang.String val$tableName -> c
    com.crestech.opkey.plugin.webdriver.object.WebDriverObject val$object -> d
    949:949:void <init>(com.crestech.opkey.plugin.keywords.Table,java.lang.String,com.crestech.opkey.plugin.webdriver.object.WebDriverObject) -> <init>
    956:967:com.crestech.opkey.plugin.communication.contracts.functionresult.FunctionResult _innerRun() -> _innerRun
    1:1:java.lang.Object _innerRun() -> _innerRun
com.crestech.opkey.plugin.keywords.Table$25 -> com.crestech.opkey.plugin.keywords.Table$25:
    com.crestech.opkey.plugin.keywords.Table this$0 -> a
    java.lang.String val$tableName -> c
    com.crestech.opkey.plugin.webdriver.object.WebDriverObject val$object -> d
    977:977:void <init>(com.crestech.opkey.plugin.keywords.Table,java.lang.String,com.crestech.opkey.plugin.webdriver.object.WebDriverObject) -> <init>
    984:995:com.crestech.opkey.plugin.communication.contracts.functionresult.FunctionResult _innerRun() -> _innerRun
    1:1:java.lang.Object _innerRun() -> _innerRun
com.crestech.opkey.plugin.keywords.Table$26 -> com.crestech.opkey.plugin.keywords.Table$26:
    com.crestech.opkey.plugin.keywords.Table this$0 -> a
    java.lang.String val$tableName -> c
    com.crestech.opkey.plugin.webdriver.object.WebDriverObject val$object -> d
    java.lang.String val$delimiter -> e
    1010:1010:void <init>(com.crestech.opkey.plugin.keywords.Table,java.lang.String,com.crestech.opkey.plugin.webdriver.object.WebDriverObject,java.lang.String) -> <init>
    1017:1028:com.crestech.opkey.plugin.communication.contracts.functionresult.FunctionResult _innerRun() -> _innerRun
    1:1:java.lang.Object _innerRun() -> _innerRun
com.crestech.opkey.plugin.keywords.Table$3 -> com.crestech.opkey.plugin.keywords.Table$3:
    com.crestech.opkey.plugin.keywords.Table this$0 -> a
    com.crestech.opkey.plugin.webdriver.object.WebDriverObject val$object -> b
    java.lang.String val$columnName -> c
    int val$rowNumber -> d
    java.lang.String val$tableName -> e
    int val$objectIndex -> f
    java.lang.String val$valueToSelect -> g
    84:84:void <init>(com.crestech.opkey.plugin.keywords.Table,com.crestech.opkey.plugin.webdriver.object.WebDriverObject,java.lang.String,int,java.lang.String,int,java.lang.String) -> <init>
    91:113:com.crestech.opkey.plugin.communication.contracts.functionresult.FunctionResult _innerRun() -> _innerRun
com.crestech.opkey.plugin.keywords.Table$4 -> com.crestech.opkey.plugin.keywords.Table$4:
    com.crestech.opkey.plugin.keywords.Table this$0 -> a
    com.crestech.opkey.plugin.webdriver.object.WebDriverObject val$object -> b
    java.lang.String val$columnName -> c
    int val$rowNumber -> d
    java.lang.String val$tableName -> e
    121:121:void <init>(com.crestech.opkey.plugin.keywords.Table,com.crestech.opkey.plugin.webdriver.object.WebDriverObject,java.lang.String,int,java.lang.String) -> <init>
    128:130:com.crestech.opkey.plugin.communication.contracts.functionresult.FunctionResult _innerRun() -> _innerRun
com.crestech.opkey.plugin.keywords.Table$5 -> com.crestech.opkey.plugin.keywords.Table$5:
    com.crestech.opkey.plugin.keywords.Table this$0 -> a
    com.crestech.opkey.plugin.webdriver.object.WebDriverObject val$object -> b
    java.lang.String val$columnName -> c
    int val$rowNumber -> d
    java.lang.String val$tableName -> e
    int val$objectIndex -> f
    java.lang.String val$textToType -> g
    java.lang.String val$keyToPress -> h
    145:145:void <init>(com.crestech.opkey.plugin.keywords.Table,com.crestech.opkey.plugin.webdriver.object.WebDriverObject,java.lang.String,int,java.lang.String,int,java.lang.String,java.lang.String) -> <init>
    152:183:com.crestech.opkey.plugin.communication.contracts.functionresult.FunctionResult _innerRun() -> _innerRun
com.crestech.opkey.plugin.keywords.Table$6 -> com.crestech.opkey.plugin.keywords.Table$6:
    com.crestech.opkey.plugin.keywords.Table this$0 -> a
    com.crestech.opkey.plugin.webdriver.object.WebDriverObject val$object -> b
    java.lang.String val$columnName -> c
    int val$rowNumber -> d
    java.lang.String val$tableName -> e
    190:190:void <init>(com.crestech.opkey.plugin.keywords.Table,com.crestech.opkey.plugin.webdriver.object.WebDriverObject,java.lang.String,int,java.lang.String) -> <init>
    197:200:com.crestech.opkey.plugin.communication.contracts.functionresult.FunctionResult _innerRun() -> _innerRun
com.crestech.opkey.plugin.keywords.Table$7 -> com.crestech.opkey.plugin.keywords.Table$7:
    com.crestech.opkey.plugin.keywords.Table this$0 -> a
    com.crestech.opkey.plugin.webdriver.object.WebDriverObject val$object -> b
    java.lang.String val$columnName -> c
    int val$rowNumber -> d
    int val$objectIndex -> e
    java.lang.String val$tableName -> f
    java.lang.String val$expectedValue -> g
    207:207:void <init>(com.crestech.opkey.plugin.keywords.Table,com.crestech.opkey.plugin.webdriver.object.WebDriverObject,java.lang.String,int,int,java.lang.String,java.lang.String) -> <init>
    214:220:com.crestech.opkey.plugin.communication.contracts.functionresult.FunctionResult _innerRun() -> _innerRun
com.crestech.opkey.plugin.keywords.Table$8 -> com.crestech.opkey.plugin.keywords.Table$8:
    com.crestech.opkey.plugin.keywords.Table this$0 -> a
    com.crestech.opkey.plugin.webdriver.object.WebDriverObject val$object -> b
    java.lang.String val$columnName -> c
    int val$rowNumber -> d
    java.lang.String val$tableName -> e
    java.lang.String val$text -> f
    int val$finalTextIndex -> g
    234:234:void <init>(com.crestech.opkey.plugin.keywords.Table,com.crestech.opkey.plugin.webdriver.object.WebDriverObject,java.lang.String,int,java.lang.String,java.lang.String,int) -> <init>
    241:260:com.crestech.opkey.plugin.communication.contracts.functionresult.FunctionResult _innerRun() -> _innerRun
com.crestech.opkey.plugin.keywords.Table$9 -> com.crestech.opkey.plugin.keywords.Table$9:
    com.crestech.opkey.plugin.keywords.Table this$0 -> a
    com.crestech.opkey.plugin.webdriver.object.WebDriverObject val$object -> b
    java.lang.String val$columnName -> c
    int val$rowNumber -> d
    java.lang.String val$tableName -> e
    int val$objectIndex -> f
    267:267:void <init>(com.crestech.opkey.plugin.keywords.Table,com.crestech.opkey.plugin.webdriver.object.WebDriverObject,java.lang.String,int,java.lang.String,int) -> <init>
    274:287:com.crestech.opkey.plugin.communication.contracts.functionresult.FunctionResult _innerRun() -> _innerRun
com.crestech.opkey.plugin.keywords.TableByQuery -> com.crestech.opkey.plugin.keywords.TableByQuery:
    java.lang.Class _class -> a
    43:43:void <clinit>() -> <clinit>
    41:41:void <init>() -> <init>
    49:67:com.crestech.opkey.plugin.communication.contracts.functionresult.FunctionResult Method_getTextFromTableCellByQuery(com.crestech.opkey.plugin.webdriver.object.WebDriverObject,java.lang.String,int,int,java.lang.String,java.lang.String,java.lang.String,java.lang.String,java.lang.String,java.lang.String,java.lang.String,java.lang.String,java.lang.String,java.lang.String,java.lang.String) -> Method_getTextFromTableCellByQuery
    75:96:com.crestech.opkey.plugin.communication.contracts.functionresult.FunctionResult Method_HighlightTableCellByQuery(com.crestech.opkey.plugin.webdriver.object.WebDriverObject,java.lang.String,int,int,java.lang.String,java.lang.String,java.lang.String,java.lang.String,java.lang.String,java.lang.String,java.lang.String,java.lang.String,java.lang.String,java.lang.String,java.lang.String) -> Method_HighlightTableCellByQuery
    104:134:com.crestech.opkey.plugin.communication.contracts.functionresult.FunctionResult Method_clickTableCellByQuery(com.crestech.opkey.plugin.webdriver.object.WebDriverObject,java.lang.String,int,int,java.lang.String,java.lang.String,java.lang.String,java.lang.String,java.lang.String,java.lang.String,java.lang.String,java.lang.String,java.lang.String,java.lang.String,java.lang.String) -> Method_clickTableCellByQuery
    142:162:com.crestech.opkey.plugin.communication.contracts.functionresult.FunctionResult Method_doubleClickTableCellByQuery(com.crestech.opkey.plugin.webdriver.object.WebDriverObject,java.lang.String,int,int,java.lang.String,java.lang.String,java.lang.String,java.lang.String,java.lang.String,java.lang.String,java.lang.String,java.lang.String,java.lang.String,java.lang.String,java.lang.String) -> Method_doubleClickTableCellByQuery
    169:170:com.crestech.opkey.plugin.communication.contracts.functionresult.FunctionResult Method_typeTextTableCellByQuery(com.crestech.opkey.plugin.webdriver.object.WebDriverObject,java.lang.String,int,java.lang.String,int,java.lang.String,java.lang.String,java.lang.String,java.lang.String,java.lang.String,java.lang.String,java.lang.String,java.lang.String,java.lang.String,java.lang.String,java.lang.String) -> Method_typeTextTableCellByQuery
    177:178:com.crestech.opkey.plugin.communication.contracts.functionresult.FunctionResult Method_typeTextTableCellAndPressEnterByQuery(com.crestech.opkey.plugin.webdriver.object.WebDriverObject,java.lang.String,int,java.lang.String,int,java.lang.String,java.lang.String,java.lang.String,java.lang.String,java.lang.String,java.lang.String,java.lang.String,java.lang.String,java.lang.String,java.lang.String,java.lang.String) -> Method_typeTextTableCellAndPressEnterByQuery
    185:232:com.crestech.opkey.plugin.communication.contracts.functionresult.FunctionResult OF_typeTextTableCellAndPressKeyByQuery(com.crestech.opkey.plugin.webdriver.object.WebDriverObject,java.lang.String,int,java.lang.String,int,java.lang.String,java.lang.String,java.lang.String,java.lang.String,java.lang.String,java.lang.String,java.lang.String,java.lang.String,java.lang.String,java.lang.String,java.lang.String,java.lang.String) -> OF_typeTextTableCellAndPressKeyByQuery
    240:272:com.crestech.opkey.plugin.communication.contracts.functionresult.FunctionResult Method_getTableCellValueByQuery(com.crestech.opkey.plugin.webdriver.object.WebDriverObject,java.lang.String,int,int,java.lang.String,java.lang.String,java.lang.String,java.lang.String,java.lang.String,java.lang.String,java.lang.String,java.lang.String,java.lang.String,java.lang.String,java.lang.String) -> Method_getTableCellValueByQuery
    280:306:com.crestech.opkey.plugin.communication.contracts.functionresult.FunctionResult Method_verifyTableCellValueByQuery(com.crestech.opkey.plugin.webdriver.object.WebDriverObject,java.lang.String,int,java.lang.String,int,java.lang.String,java.lang.String,java.lang.String,java.lang.String,java.lang.String,java.lang.String,java.lang.String,java.lang.String,java.lang.String,java.lang.String,java.lang.String) -> Method_verifyTableCellValueByQuery
    314:360:com.crestech.opkey.plugin.communication.contracts.functionresult.FunctionResult Method_SelectDropDownInTableCellByQuery(com.crestech.opkey.plugin.webdriver.object.WebDriverObject,java.lang.String,int,java.lang.String,int,java.lang.String,java.lang.String,java.lang.String,java.lang.String,java.lang.String,java.lang.String,java.lang.String,java.lang.String,java.lang.String,java.lang.String,java.lang.String) -> Method_SelectDropDownInTableCellByQuery
    367:412:com.crestech.opkey.plugin.communication.contracts.functionresult.FunctionResult Method_clickTextInTableCellByQuery(com.crestech.opkey.plugin.webdriver.object.WebDriverObject,java.lang.String,int,java.lang.String,int,java.lang.String,java.lang.String,java.lang.String,java.lang.String,java.lang.String,java.lang.String,java.lang.String,java.lang.String,java.lang.String,java.lang.String,java.lang.String) -> Method_clickTextInTableCellByQuery
    419:448:com.crestech.opkey.plugin.communication.contracts.functionresult.FunctionResult Method_clearEditFieldInTableCellByQuery(com.crestech.opkey.plugin.webdriver.object.WebDriverObject,java.lang.String,int,int,java.lang.String,java.lang.String,java.lang.String,java.lang.String,java.lang.String,java.lang.String,java.lang.String,java.lang.String,java.lang.String,java.lang.String,java.lang.String) -> Method_clearEditFieldInTableCellByQuery
    456:497:com.crestech.opkey.plugin.communication.contracts.functionresult.FunctionResult Method_selectCheckBoxInTableCellByQuery(com.crestech.opkey.plugin.webdriver.object.WebDriverObject,java.lang.String,int,int,java.lang.String,java.lang.String,java.lang.String,java.lang.String,java.lang.String,java.lang.String,java.lang.String,java.lang.String,java.lang.String,java.lang.String,java.lang.String,java.lang.String) -> Method_selectCheckBoxInTableCellByQuery
    505:548:com.crestech.opkey.plugin.communication.contracts.functionresult.FunctionResult Method_GetCheckBoxStatusInTableCellByQuery(com.crestech.opkey.plugin.webdriver.object.WebDriverObject,java.lang.String,int,int,java.lang.String,java.lang.String,java.lang.String,java.lang.String,java.lang.String,java.lang.String,java.lang.String,java.lang.String,java.lang.String,java.lang.String,java.lang.String,java.lang.String) -> Method_GetCheckBoxStatusInTableCellByQuery
    556:583:com.crestech.opkey.plugin.communication.contracts.functionresult.FunctionResult Method_deSelectCheckBoxInTableCellByQuery(com.crestech.opkey.plugin.webdriver.object.WebDriverObject,java.lang.String,int,int,java.lang.String,java.lang.String,java.lang.String,java.lang.String,java.lang.String,java.lang.String,java.lang.String,java.lang.String,java.lang.String,java.lang.String,java.lang.String) -> Method_deSelectCheckBoxInTableCellByQuery
    591:608:com.crestech.opkey.plugin.communication.contracts.functionresult.FunctionResult Method_mouseHoverInTableCellByQuery(com.crestech.opkey.plugin.webdriver.object.WebDriverObject,java.lang.String,int,int,java.lang.String,java.lang.String,java.lang.String,java.lang.String,java.lang.String,java.lang.String,java.lang.String,java.lang.String,java.lang.String,java.lang.String,java.lang.String) -> Method_mouseHoverInTableCellByQuery
    617:641:com.crestech.opkey.plugin.communication.contracts.functionresult.FunctionResult Method_clickImageInTableCellByQuery(com.crestech.opkey.plugin.webdriver.object.WebDriverObject,java.lang.String,int,int,java.lang.String,java.lang.String,java.lang.String,java.lang.String,java.lang.String,java.lang.String,java.lang.String,java.lang.String,java.lang.String,java.lang.String,java.lang.String) -> Method_clickImageInTableCellByQuery
    649:677:com.crestech.opkey.plugin.communication.contracts.functionresult.FunctionResult Method_clickLinkInTableCellByQuery(com.crestech.opkey.plugin.webdriver.object.WebDriverObject,java.lang.String,int,int,java.lang.String,java.lang.String,java.lang.String,java.lang.String,java.lang.String,java.lang.String,java.lang.String,java.lang.String,java.lang.String,java.lang.String,java.lang.String) -> Method_clickLinkInTableCellByQuery
    685:712:com.crestech.opkey.plugin.communication.contracts.functionresult.FunctionResult Method_selectRadioButtonInTableCellByQuery(com.crestech.opkey.plugin.webdriver.object.WebDriverObject,java.lang.String,int,int,int,java.lang.String,java.lang.String,java.lang.String,java.lang.String,java.lang.String,java.lang.String,java.lang.String,java.lang.String,java.lang.String,java.lang.String,java.lang.String) -> Method_selectRadioButtonInTableCellByQuery
    720:750:com.crestech.opkey.plugin.communication.contracts.functionresult.FunctionResult Method_getObjectPropertyInTableCellByQuery(com.crestech.opkey.plugin.webdriver.object.WebDriverObject,java.lang.String,int,java.lang.String,int,java.lang.String,java.lang.String,java.lang.String,java.lang.String,java.lang.String,java.lang.String,java.lang.String,java.lang.String,java.lang.String,java.lang.String,java.lang.String,java.lang.String) -> Method_getObjectPropertyInTableCellByQuery
    761:782:com.crestech.opkey.plugin.communication.contracts.functionresult.FunctionResult Method_getRowsCountHavingSameDataByQuery(com.crestech.opkey.plugin.webdriver.object.WebDriverObject,java.lang.String,int,java.lang.String,java.lang.String,java.lang.String,java.lang.String,java.lang.String,java.lang.String,java.lang.String,java.lang.String,java.lang.String,java.lang.String,java.lang.String) -> Method_getRowsCountHavingSameDataByQuery
    794:830:com.crestech.opkey.plugin.communication.contracts.functionresult.FunctionResult Method_selectRowsFromTableByQuery(com.crestech.opkey.plugin.webdriver.object.WebDriverObject,java.lang.String,java.lang.String,int,java.lang.String,java.lang.String,java.lang.String,java.lang.String,java.lang.String,java.lang.String,java.lang.String,java.lang.String,java.lang.String,java.lang.String,java.lang.String) -> Method_selectRowsFromTableByQuery
    838:883:com.crestech.opkey.plugin.communication.contracts.functionresult.FunctionResult Method_GetCheckBoxStatusInTableCellByQuery(com.crestech.opkey.plugin.webdriver.object.WebDriverObject,java.lang.String,int,int,java.lang.String,java.lang.String,java.lang.String,java.lang.String,java.lang.String,java.lang.String,java.lang.String,java.lang.String,java.lang.String,java.lang.String,java.lang.String) -> Method_GetCheckBoxStatusInTableCellByQuery
    891:939:com.crestech.opkey.plugin.communication.contracts.functionresult.FunctionResult Method_VerifyCheckBoxStatusInTableCellByQuery(com.crestech.opkey.plugin.webdriver.object.WebDriverObject,java.lang.String,int,java.lang.String,int,java.lang.String,java.lang.String,java.lang.String,java.lang.String,java.lang.String,java.lang.String,java.lang.String,java.lang.String,java.lang.String,java.lang.String,java.lang.String) -> Method_VerifyCheckBoxStatusInTableCellByQuery
    951:1050:org.openqa.selenium.WebElement findTableCellByQuery(com.crestech.opkey.plugin.webdriver.object.WebDriverObject,java.lang.String,java.lang.String,java.lang.String,java.lang.String,java.lang.String,java.lang.String,java.lang.String,java.lang.String,java.lang.String,java.lang.String,java.lang.String,java.lang.String) -> findTableCellByQuery
    1054:1056:java.lang.String getTextOfWebElement(org.openqa.selenium.WebElement) -> getTextOfWebElement
    1061:1090:java.lang.String getTextOfJSoupElement(org.jsoup.nodes.Element) -> getTextOfJSoupElement
    947:947:org.openqa.selenium.WebElement access$0(com.crestech.opkey.plugin.keywords.TableByQuery,com.crestech.opkey.plugin.webdriver.object.WebDriverObject,java.lang.String,java.lang.String,java.lang.String,java.lang.String,java.lang.String,java.lang.String,java.lang.String,java.lang.String,java.lang.String,java.lang.String,java.lang.String,java.lang.String) -> access$0
com.crestech.opkey.plugin.keywords.TableByQuery$1 -> com.crestech.opkey.plugin.keywords.TableByQuery$1:
    com.crestech.opkey.plugin.keywords.TableByQuery this$0 -> a
    com.crestech.opkey.plugin.webdriver.object.WebDriverObject val$object -> b
    java.lang.String val$columnName -> c
    int val$objectIndex -> d
    int val$rowNumber -> e
    java.lang.String val$header1 -> f
    java.lang.String val$value1 -> g
    java.lang.String val$header2 -> h
    java.lang.String val$value2 -> i
    java.lang.String val$header3 -> j
    java.lang.String val$value3 -> k
    java.lang.String val$header4 -> l
    java.lang.String val$value4 -> m
    java.lang.String val$header5 -> n
    java.lang.String val$value5 -> o
    java.lang.String val$tableName -> p
    56:56:void <init>(com.crestech.opkey.plugin.keywords.TableByQuery,com.crestech.opkey.plugin.webdriver.object.WebDriverObject,java.lang.String,int,int,java.lang.String,java.lang.String,java.lang.String,java.lang.String,java.lang.String,java.lang.String,java.lang.String,java.lang.String,java.lang.String,java.lang.String,java.lang.String) -> <init>
    63:64:com.crestech.opkey.plugin.communication.contracts.functionresult.FunctionResult _innerRun() -> _innerRun
com.crestech.opkey.plugin.keywords.TableByQuery$10 -> com.crestech.opkey.plugin.keywords.TableByQuery$10:
    com.crestech.opkey.plugin.keywords.TableByQuery this$0 -> a
    com.crestech.opkey.plugin.webdriver.object.WebDriverObject val$object -> b
    java.lang.String val$columnName -> c
    java.lang.String val$header1 -> d
    java.lang.String val$value1 -> e
    java.lang.String val$header2 -> f
    java.lang.String val$value2 -> g
    java.lang.String val$header3 -> h
    java.lang.String val$value3 -> i
    java.lang.String val$header4 -> j
    java.lang.String val$value4 -> k
    java.lang.String val$header5 -> l
    java.lang.String val$value5 -> m
    java.lang.String val$tableName -> n
    int val$objectIndex -> o
    427:427:void <init>(com.crestech.opkey.plugin.keywords.TableByQuery,com.crestech.opkey.plugin.webdriver.object.WebDriverObject,java.lang.String,java.lang.String,java.lang.String,java.lang.String,java.lang.String,java.lang.String,java.lang.String,java.lang.String,java.lang.String,java.lang.String,java.lang.String,java.lang.String,int) -> <init>
    435:446:com.crestech.opkey.plugin.communication.contracts.functionresult.FunctionResult _innerRun() -> _innerRun
com.crestech.opkey.plugin.keywords.TableByQuery$11 -> com.crestech.opkey.plugin.keywords.TableByQuery$11:
    com.crestech.opkey.plugin.keywords.TableByQuery this$0 -> a
    com.crestech.opkey.plugin.webdriver.object.WebDriverObject val$object -> b
    java.lang.String val$columnName -> c
    java.lang.String val$header1 -> d
    java.lang.String val$value1 -> e
    java.lang.String val$header2 -> f
    java.lang.String val$value2 -> g
    java.lang.String val$header3 -> h
    java.lang.String val$value3 -> i
    java.lang.String val$header4 -> j
    java.lang.String val$value4 -> k
    java.lang.String val$header5 -> l
    java.lang.String val$value5 -> m
    java.lang.String val$tableName -> n
    int val$objectIndex -> o
    java.lang.String val$status -> p
    464:464:void <init>(com.crestech.opkey.plugin.keywords.TableByQuery,com.crestech.opkey.plugin.webdriver.object.WebDriverObject,java.lang.String,java.lang.String,java.lang.String,java.lang.String,java.lang.String,java.lang.String,java.lang.String,java.lang.String,java.lang.String,java.lang.String,java.lang.String,java.lang.String,int,java.lang.String) -> <init>
    472:494:com.crestech.opkey.plugin.communication.contracts.functionresult.FunctionResult _innerRun() -> _innerRun
com.crestech.opkey.plugin.keywords.TableByQuery$12 -> com.crestech.opkey.plugin.keywords.TableByQuery$12:
    com.crestech.opkey.plugin.keywords.TableByQuery this$0 -> a
    com.crestech.opkey.plugin.webdriver.object.WebDriverObject val$object -> b
    java.lang.String val$columnName -> c
    java.lang.String val$header1 -> d
    java.lang.String val$value1 -> e
    java.lang.String val$header2 -> f
    java.lang.String val$value2 -> g
    java.lang.String val$header3 -> h
    java.lang.String val$value3 -> i
    java.lang.String val$header4 -> j
    java.lang.String val$value4 -> k
    java.lang.String val$header5 -> l
    java.lang.String val$value5 -> m
    java.lang.String val$tableName -> n
    int val$objectIndex -> o
    513:513:void <init>(com.crestech.opkey.plugin.keywords.TableByQuery,com.crestech.opkey.plugin.webdriver.object.WebDriverObject,java.lang.String,java.lang.String,java.lang.String,java.lang.String,java.lang.String,java.lang.String,java.lang.String,java.lang.String,java.lang.String,java.lang.String,java.lang.String,java.lang.String,int) -> <init>
    521:545:com.crestech.opkey.plugin.communication.contracts.functionresult.FunctionResult _innerRun() -> _innerRun
com.crestech.opkey.plugin.keywords.TableByQuery$13 -> com.crestech.opkey.plugin.keywords.TableByQuery$13:
    com.crestech.opkey.plugin.keywords.TableByQuery this$0 -> a
    com.crestech.opkey.plugin.webdriver.object.WebDriverObject val$object -> b
    java.lang.String val$columnName -> c
    java.lang.String val$header1 -> d
    java.lang.String val$value1 -> e
    java.lang.String val$header2 -> f
    java.lang.String val$value2 -> g
    java.lang.String val$header3 -> h
    java.lang.String val$value3 -> i
    java.lang.String val$header4 -> j
    java.lang.String val$value4 -> k
    java.lang.String val$header5 -> l
    java.lang.String val$value5 -> m
    java.lang.String val$tableName -> n
    int val$objectIndex -> o
    564:564:void <init>(com.crestech.opkey.plugin.keywords.TableByQuery,com.crestech.opkey.plugin.webdriver.object.WebDriverObject,java.lang.String,java.lang.String,java.lang.String,java.lang.String,java.lang.String,java.lang.String,java.lang.String,java.lang.String,java.lang.String,java.lang.String,java.lang.String,java.lang.String,int) -> <init>
    572:580:com.crestech.opkey.plugin.communication.contracts.functionresult.FunctionResult _innerRun() -> _innerRun
com.crestech.opkey.plugin.keywords.TableByQuery$14 -> com.crestech.opkey.plugin.keywords.TableByQuery$14:
    com.crestech.opkey.plugin.keywords.TableByQuery this$0 -> a
    com.crestech.opkey.plugin.webdriver.object.WebDriverObject val$object -> b
    java.lang.String val$columnName -> c
    java.lang.String val$header1 -> d
    java.lang.String val$value1 -> e
    java.lang.String val$header2 -> f
    java.lang.String val$value2 -> g
    java.lang.String val$header3 -> h
    java.lang.String val$value3 -> i
    java.lang.String val$header4 -> j
    java.lang.String val$value4 -> k
    java.lang.String val$header5 -> l
    java.lang.String val$value5 -> m
    java.lang.String val$tableName -> n
    597:597:void <init>(com.crestech.opkey.plugin.keywords.TableByQuery,com.crestech.opkey.plugin.webdriver.object.WebDriverObject,java.lang.String,java.lang.String,java.lang.String,java.lang.String,java.lang.String,java.lang.String,java.lang.String,java.lang.String,java.lang.String,java.lang.String,java.lang.String,java.lang.String) -> <init>
    604:606:com.crestech.opkey.plugin.communication.contracts.functionresult.FunctionResult _innerRun() -> _innerRun
com.crestech.opkey.plugin.keywords.TableByQuery$15 -> com.crestech.opkey.plugin.keywords.TableByQuery$15:
    com.crestech.opkey.plugin.keywords.TableByQuery this$0 -> a
    com.crestech.opkey.plugin.webdriver.object.WebDriverObject val$object -> b
    java.lang.String val$columnName -> c
    java.lang.String val$header1 -> d
    java.lang.String val$value1 -> e
    java.lang.String val$header2 -> f
    java.lang.String val$value2 -> g
    java.lang.String val$header3 -> h
    java.lang.String val$value3 -> i
    java.lang.String val$header4 -> j
    java.lang.String val$value4 -> k
    java.lang.String val$header5 -> l
    java.lang.String val$value5 -> m
    java.lang.String val$tableName -> n
    int val$objectIndex -> o
    625:625:void <init>(com.crestech.opkey.plugin.keywords.TableByQuery,com.crestech.opkey.plugin.webdriver.object.WebDriverObject,java.lang.String,java.lang.String,java.lang.String,java.lang.String,java.lang.String,java.lang.String,java.lang.String,java.lang.String,java.lang.String,java.lang.String,java.lang.String,java.lang.String,int) -> <init>
    633:639:com.crestech.opkey.plugin.communication.contracts.functionresult.FunctionResult _innerRun() -> _innerRun
com.crestech.opkey.plugin.keywords.TableByQuery$16 -> com.crestech.opkey.plugin.keywords.TableByQuery$16:
    com.crestech.opkey.plugin.keywords.TableByQuery this$0 -> a
    com.crestech.opkey.plugin.webdriver.object.WebDriverObject val$object -> b
    java.lang.String val$columnName -> c
    java.lang.String val$header1 -> d
    java.lang.String val$value1 -> e
    java.lang.String val$header2 -> f
    java.lang.String val$value2 -> g
    java.lang.String val$header3 -> h
    java.lang.String val$value3 -> i
    java.lang.String val$header4 -> j
    java.lang.String val$value4 -> k
    java.lang.String val$header5 -> l
    java.lang.String val$value5 -> m
    java.lang.String val$tableName -> n
    int val$objectIndex -> o
    657:657:void <init>(com.crestech.opkey.plugin.keywords.TableByQuery,com.crestech.opkey.plugin.webdriver.object.WebDriverObject,java.lang.String,java.lang.String,java.lang.String,java.lang.String,java.lang.String,java.lang.String,java.lang.String,java.lang.String,java.lang.String,java.lang.String,java.lang.String,java.lang.String,int) -> <init>
    665:675:com.crestech.opkey.plugin.communication.contracts.functionresult.FunctionResult _innerRun() -> _innerRun
com.crestech.opkey.plugin.keywords.TableByQuery$17 -> com.crestech.opkey.plugin.keywords.TableByQuery$17:
    com.crestech.opkey.plugin.keywords.TableByQuery this$0 -> a
    com.crestech.opkey.plugin.webdriver.object.WebDriverObject val$object -> b
    java.lang.String val$columnName -> c
    java.lang.String val$header1 -> d
    java.lang.String val$value1 -> e
    java.lang.String val$header2 -> f
    java.lang.String val$value2 -> g
    java.lang.String val$header3 -> h
    java.lang.String val$value3 -> i
    java.lang.String val$header4 -> j
    java.lang.String val$value4 -> k
    java.lang.String val$header5 -> l
    java.lang.String val$value5 -> m
    java.lang.String val$tableName -> n
    int val$objectIndex -> o
    int val$index -> p
    693:693:void <init>(com.crestech.opkey.plugin.keywords.TableByQuery,com.crestech.opkey.plugin.webdriver.object.WebDriverObject,java.lang.String,java.lang.String,java.lang.String,java.lang.String,java.lang.String,java.lang.String,java.lang.String,java.lang.String,java.lang.String,java.lang.String,java.lang.String,java.lang.String,int,int) -> <init>
    701:709:com.crestech.opkey.plugin.communication.contracts.functionresult.FunctionResult _innerRun() -> _innerRun
com.crestech.opkey.plugin.keywords.TableByQuery$18 -> com.crestech.opkey.plugin.keywords.TableByQuery$18:
    com.crestech.opkey.plugin.keywords.TableByQuery this$0 -> a
    com.crestech.opkey.plugin.webdriver.object.WebDriverObject val$object -> b
    java.lang.String val$columnName -> c
    java.lang.String val$header1 -> d
    java.lang.String val$value1 -> e
    java.lang.String val$header2 -> f
    java.lang.String val$value2 -> g
    java.lang.String val$header3 -> h
    java.lang.String val$value3 -> i
    java.lang.String val$header4 -> j
    java.lang.String val$value4 -> k
    java.lang.String val$header5 -> l
    java.lang.String val$value5 -> m
    java.lang.String val$tableName -> n
    java.lang.String val$objectTag -> o
    int val$tagIndex -> p
    java.lang.String val$propertyName -> q
    728:728:void <init>(com.crestech.opkey.plugin.keywords.TableByQuery,com.crestech.opkey.plugin.webdriver.object.WebDriverObject,java.lang.String,java.lang.String,java.lang.String,java.lang.String,java.lang.String,java.lang.String,java.lang.String,java.lang.String,java.lang.String,java.lang.String,java.lang.String,java.lang.String,java.lang.String,int,java.lang.String) -> <init>
    735:746:com.crestech.opkey.plugin.communication.contracts.functionresult.FunctionResult _innerRun() -> _innerRun
com.crestech.opkey.plugin.keywords.TableByQuery$19 -> com.crestech.opkey.plugin.keywords.TableByQuery$19:
    com.crestech.opkey.plugin.keywords.TableByQuery this$0 -> a
    java.lang.String val$tableName -> b
    com.crestech.opkey.plugin.webdriver.object.WebDriverObject val$object -> c
    java.lang.String val$columnName -> d
    java.lang.String val$header1 -> e
    java.lang.String val$value1 -> f
    java.lang.String val$header2 -> g
    java.lang.String val$value2 -> h
    java.lang.String val$header3 -> i
    java.lang.String val$value3 -> j
    java.lang.String val$header4 -> k
    java.lang.String val$value4 -> l
    java.lang.String val$header5 -> m
    java.lang.String val$value5 -> n
    761:761:void <init>(com.crestech.opkey.plugin.keywords.TableByQuery,java.lang.String,com.crestech.opkey.plugin.webdriver.object.WebDriverObject,java.lang.String,java.lang.String,java.lang.String,java.lang.String,java.lang.String,java.lang.String,java.lang.String,java.lang.String,java.lang.String,java.lang.String,java.lang.String) -> <init>
    768:780:com.crestech.opkey.plugin.communication.contracts.functionresult.FunctionResult _innerRun() -> _innerRun
com.crestech.opkey.plugin.keywords.TableByQuery$2 -> com.crestech.opkey.plugin.keywords.TableByQuery$2:
    com.crestech.opkey.plugin.keywords.TableByQuery this$0 -> a
    com.crestech.opkey.plugin.webdriver.object.WebDriverObject val$object -> b
    java.lang.String val$columnName -> c
    java.lang.String val$header1 -> d
    java.lang.String val$value1 -> e
    java.lang.String val$header2 -> f
    java.lang.String val$value2 -> g
    java.lang.String val$header3 -> h
    java.lang.String val$value3 -> i
    java.lang.String val$header4 -> j
    java.lang.String val$value4 -> k
    java.lang.String val$header5 -> l
    java.lang.String val$value5 -> m
    java.lang.String val$tableName -> n
    82:82:void <init>(com.crestech.opkey.plugin.keywords.TableByQuery,com.crestech.opkey.plugin.webdriver.object.WebDriverObject,java.lang.String,java.lang.String,java.lang.String,java.lang.String,java.lang.String,java.lang.String,java.lang.String,java.lang.String,java.lang.String,java.lang.String,java.lang.String,java.lang.String) -> <init>
    89:94:com.crestech.opkey.plugin.communication.contracts.functionresult.FunctionResult _innerRun() -> _innerRun
com.crestech.opkey.plugin.keywords.TableByQuery$20 -> com.crestech.opkey.plugin.keywords.TableByQuery$20:
    com.crestech.opkey.plugin.keywords.TableByQuery this$0 -> a
    java.lang.String val$tableName -> b
    com.crestech.opkey.plugin.webdriver.object.WebDriverObject val$object -> c
    java.lang.String val$columnName -> d
    java.lang.String val$header1 -> e
    java.lang.String val$value1 -> f
    java.lang.String val$header2 -> g
    java.lang.String val$value2 -> h
    java.lang.String val$header3 -> i
    java.lang.String val$value3 -> j
    java.lang.String val$header4 -> k
    java.lang.String val$value4 -> l
    java.lang.String val$header5 -> m
    java.lang.String val$value5 -> n
    800:800:void <init>(com.crestech.opkey.plugin.keywords.TableByQuery,java.lang.String,com.crestech.opkey.plugin.webdriver.object.WebDriverObject,java.lang.String,java.lang.String,java.lang.String,java.lang.String,java.lang.String,java.lang.String,java.lang.String,java.lang.String,java.lang.String,java.lang.String,java.lang.String) -> <init>
    807:828:com.crestech.opkey.plugin.communication.contracts.functionresult.FunctionResult _innerRun() -> _innerRun
com.crestech.opkey.plugin.keywords.TableByQuery$21 -> com.crestech.opkey.plugin.keywords.TableByQuery$21:
    com.crestech.opkey.plugin.keywords.TableByQuery this$0 -> a
    com.crestech.opkey.plugin.webdriver.object.WebDriverObject val$object -> b
    java.lang.String val$columnName -> c
    java.lang.String val$header1 -> d
    java.lang.String val$value1 -> e
    java.lang.String val$header2 -> f
    java.lang.String val$value2 -> g
    java.lang.String val$header3 -> h
    java.lang.String val$value3 -> i
    java.lang.String val$header4 -> j
    java.lang.String val$value4 -> k
    java.lang.String val$header5 -> l
    java.lang.String val$value5 -> m
    java.lang.String val$tableName -> n
    int val$objectIndex -> o
    848:848:void <init>(com.crestech.opkey.plugin.keywords.TableByQuery,com.crestech.opkey.plugin.webdriver.object.WebDriverObject,java.lang.String,java.lang.String,java.lang.String,java.lang.String,java.lang.String,java.lang.String,java.lang.String,java.lang.String,java.lang.String,java.lang.String,java.lang.String,java.lang.String,int) -> <init>
    856:880:com.crestech.opkey.plugin.communication.contracts.functionresult.FunctionResult _innerRun() -> _innerRun
com.crestech.opkey.plugin.keywords.TableByQuery$22 -> com.crestech.opkey.plugin.keywords.TableByQuery$22:
    com.crestech.opkey.plugin.keywords.TableByQuery this$0 -> a
    com.crestech.opkey.plugin.webdriver.object.WebDriverObject val$object -> b
    java.lang.String val$columnName -> c
    java.lang.String val$header1 -> d
    java.lang.String val$value1 -> e
    java.lang.String val$header2 -> f
    java.lang.String val$value2 -> g
    java.lang.String val$header3 -> h
    java.lang.String val$value3 -> i
    java.lang.String val$header4 -> j
    java.lang.String val$value4 -> k
    java.lang.String val$header5 -> l
    java.lang.String val$value5 -> m
    java.lang.String val$tableName -> n
    int val$objectIndex -> o
    java.lang.String val$status -> p
    899:899:void <init>(com.crestech.opkey.plugin.keywords.TableByQuery,com.crestech.opkey.plugin.webdriver.object.WebDriverObject,java.lang.String,java.lang.String,java.lang.String,java.lang.String,java.lang.String,java.lang.String,java.lang.String,java.lang.String,java.lang.String,java.lang.String,java.lang.String,java.lang.String,int,java.lang.String) -> <init>
    907:935:com.crestech.opkey.plugin.communication.contracts.functionresult.FunctionResult _innerRun() -> _innerRun
com.crestech.opkey.plugin.keywords.TableByQuery$3 -> com.crestech.opkey.plugin.keywords.TableByQuery$3:
    com.crestech.opkey.plugin.keywords.TableByQuery this$0 -> a
    com.crestech.opkey.plugin.webdriver.object.WebDriverObject val$object -> b
    java.lang.String val$columnName -> c
    java.lang.String val$header1 -> d
    java.lang.String val$value1 -> e
    java.lang.String val$header2 -> f
    java.lang.String val$value2 -> g
    java.lang.String val$header3 -> h
    java.lang.String val$value3 -> i
    java.lang.String val$header4 -> j
    java.lang.String val$value4 -> k
    java.lang.String val$header5 -> l
    java.lang.String val$value5 -> m
    java.lang.String val$tableName -> n
    111:111:void <init>(com.crestech.opkey.plugin.keywords.TableByQuery,com.crestech.opkey.plugin.webdriver.object.WebDriverObject,java.lang.String,java.lang.String,java.lang.String,java.lang.String,java.lang.String,java.lang.String,java.lang.String,java.lang.String,java.lang.String,java.lang.String,java.lang.String,java.lang.String) -> <init>
    119:132:com.crestech.opkey.plugin.communication.contracts.functionresult.FunctionResult _innerRun() -> _innerRun
com.crestech.opkey.plugin.keywords.TableByQuery$4 -> com.crestech.opkey.plugin.keywords.TableByQuery$4:
    com.crestech.opkey.plugin.keywords.TableByQuery this$0 -> a
    com.crestech.opkey.plugin.webdriver.object.WebDriverObject val$object -> b
    java.lang.String val$columnName -> c
    java.lang.String val$header1 -> d
    java.lang.String val$value1 -> e
    java.lang.String val$header2 -> f
    java.lang.String val$value2 -> g
    java.lang.String val$header3 -> h
    java.lang.String val$value3 -> i
    java.lang.String val$header4 -> j
    java.lang.String val$value4 -> k
    java.lang.String val$header5 -> l
    java.lang.String val$value5 -> m
    java.lang.String val$tableName -> n
    149:149:void <init>(com.crestech.opkey.plugin.keywords.TableByQuery,com.crestech.opkey.plugin.webdriver.object.WebDriverObject,java.lang.String,java.lang.String,java.lang.String,java.lang.String,java.lang.String,java.lang.String,java.lang.String,java.lang.String,java.lang.String,java.lang.String,java.lang.String,java.lang.String) -> <init>
    157:160:com.crestech.opkey.plugin.communication.contracts.functionresult.FunctionResult _innerRun() -> _innerRun
com.crestech.opkey.plugin.keywords.TableByQuery$5 -> com.crestech.opkey.plugin.keywords.TableByQuery$5:
    com.crestech.opkey.plugin.keywords.TableByQuery this$0 -> a
    com.crestech.opkey.plugin.webdriver.object.WebDriverObject val$object -> b
    java.lang.String val$columnName -> c
    java.lang.String val$header1 -> d
    java.lang.String val$value1 -> e
    java.lang.String val$header2 -> f
    java.lang.String val$value2 -> g
    java.lang.String val$header3 -> h
    java.lang.String val$value3 -> i
    java.lang.String val$header4 -> j
    java.lang.String val$value4 -> k
    java.lang.String val$header5 -> l
    java.lang.String val$value5 -> m
    java.lang.String val$tableName -> n
    int val$objectIndex -> o
    java.lang.String val$valueToType -> p
    java.lang.String val$keyToPress -> q
    197:197:void <init>(com.crestech.opkey.plugin.keywords.TableByQuery,com.crestech.opkey.plugin.webdriver.object.WebDriverObject,java.lang.String,java.lang.String,java.lang.String,java.lang.String,java.lang.String,java.lang.String,java.lang.String,java.lang.String,java.lang.String,java.lang.String,java.lang.String,java.lang.String,int,java.lang.String,java.lang.String) -> <init>
    204:230:com.crestech.opkey.plugin.communication.contracts.functionresult.FunctionResult _innerRun() -> _innerRun
com.crestech.opkey.plugin.keywords.TableByQuery$6 -> com.crestech.opkey.plugin.keywords.TableByQuery$6:
    com.crestech.opkey.plugin.keywords.TableByQuery this$0 -> a
    com.crestech.opkey.plugin.webdriver.object.WebDriverObject val$object -> b
    java.lang.String val$columnName -> c
    java.lang.String val$header1 -> d
    java.lang.String val$value1 -> e
    java.lang.String val$header2 -> f
    java.lang.String val$value2 -> g
    java.lang.String val$header3 -> h
    java.lang.String val$value3 -> i
    java.lang.String val$header4 -> j
    java.lang.String val$value4 -> k
    java.lang.String val$header5 -> l
    java.lang.String val$value5 -> m
    java.lang.String val$tableName -> n
    248:248:void <init>(com.crestech.opkey.plugin.keywords.TableByQuery,com.crestech.opkey.plugin.webdriver.object.WebDriverObject,java.lang.String,java.lang.String,java.lang.String,java.lang.String,java.lang.String,java.lang.String,java.lang.String,java.lang.String,java.lang.String,java.lang.String,java.lang.String,java.lang.String) -> <init>
    256:270:com.crestech.opkey.plugin.communication.contracts.functionresult.FunctionResult _innerRun() -> _innerRun
com.crestech.opkey.plugin.keywords.TableByQuery$7 -> com.crestech.opkey.plugin.keywords.TableByQuery$7:
    com.crestech.opkey.plugin.keywords.TableByQuery this$0 -> a
    com.crestech.opkey.plugin.webdriver.object.WebDriverObject val$object -> b
    java.lang.String val$columnName -> c
    int val$objectIndex -> d
    int val$rowNumber -> e
    java.lang.String val$header1 -> f
    java.lang.String val$value1 -> g
    java.lang.String val$header2 -> h
    java.lang.String val$value2 -> i
    java.lang.String val$header3 -> j
    java.lang.String val$value3 -> k
    java.lang.String val$header4 -> l
    java.lang.String val$value4 -> m
    java.lang.String val$header5 -> n
    java.lang.String val$value5 -> o
    java.lang.String val$tableName -> p
    java.lang.String val$expectedText -> q
    288:288:void <init>(com.crestech.opkey.plugin.keywords.TableByQuery,com.crestech.opkey.plugin.webdriver.object.WebDriverObject,java.lang.String,int,int,java.lang.String,java.lang.String,java.lang.String,java.lang.String,java.lang.String,java.lang.String,java.lang.String,java.lang.String,java.lang.String,java.lang.String,java.lang.String,java.lang.String) -> <init>
    296:303:com.crestech.opkey.plugin.communication.contracts.functionresult.FunctionResult _innerRun() -> _innerRun
com.crestech.opkey.plugin.keywords.TableByQuery$8 -> com.crestech.opkey.plugin.keywords.TableByQuery$8:
    com.crestech.opkey.plugin.keywords.TableByQuery this$0 -> a
    com.crestech.opkey.plugin.webdriver.object.WebDriverObject val$object -> b
    java.lang.String val$columnName -> c
    java.lang.String val$header1 -> d
    java.lang.String val$value1 -> e
    java.lang.String val$header2 -> f
    java.lang.String val$value2 -> g
    java.lang.String val$header3 -> h
    java.lang.String val$value3 -> i
    java.lang.String val$header4 -> j
    java.lang.String val$value4 -> k
    java.lang.String val$header5 -> l
    java.lang.String val$value5 -> m
    java.lang.String val$tableName -> n
    int val$objectIndex -> o
    java.lang.String val$valueToSelect -> p
    324:324:void <init>(com.crestech.opkey.plugin.keywords.TableByQuery,com.crestech.opkey.plugin.webdriver.object.WebDriverObject,java.lang.String,java.lang.String,java.lang.String,java.lang.String,java.lang.String,java.lang.String,java.lang.String,java.lang.String,java.lang.String,java.lang.String,java.lang.String,java.lang.String,int,java.lang.String) -> <init>
    332:356:com.crestech.opkey.plugin.communication.contracts.functionresult.FunctionResult _innerRun() -> _innerRun
com.crestech.opkey.plugin.keywords.TableByQuery$9 -> com.crestech.opkey.plugin.keywords.TableByQuery$9:
    com.crestech.opkey.plugin.keywords.TableByQuery this$0 -> a
    com.crestech.opkey.plugin.webdriver.object.WebDriverObject val$object -> b
    java.lang.String val$columnName -> c
    java.lang.String val$header1 -> d
    java.lang.String val$value1 -> e
    java.lang.String val$header2 -> f
    java.lang.String val$value2 -> g
    java.lang.String val$header3 -> h
    java.lang.String val$value3 -> i
    java.lang.String val$header4 -> j
    java.lang.String val$value4 -> k
    java.lang.String val$header5 -> l
    java.lang.String val$value5 -> m
    java.lang.String val$tableName -> n
    java.lang.String val$textToClick -> o
    int val$textIndex -> p
    376:376:void <init>(com.crestech.opkey.plugin.keywords.TableByQuery,com.crestech.opkey.plugin.webdriver.object.WebDriverObject,java.lang.String,java.lang.String,java.lang.String,java.lang.String,java.lang.String,java.lang.String,java.lang.String,java.lang.String,java.lang.String,java.lang.String,java.lang.String,java.lang.String,java.lang.String,int) -> <init>
    383:409:com.crestech.opkey.plugin.communication.contracts.functionresult.FunctionResult _innerRun() -> _innerRun
com.crestech.opkey.plugin.keywords.Uncategorised -> com.crestech.opkey.plugin.keywords.Uncategorised:
    java.lang.Class _class -> a
    33:33:void <clinit>() -> <clinit>
    31:31:void <init>() -> <init>
    37:89:com.crestech.opkey.plugin.communication.contracts.functionresult.FunctionResult Method_IsTextPresentOnScreen(com.crestech.opkey.plugin.webdriver.object.WebDriverObject,java.lang.String,java.lang.String,java.lang.String) -> Method_IsTextPresentOnScreen
    95:149:com.crestech.opkey.plugin.communication.contracts.functionresult.FunctionResult Method_clickOnDownloadButton() -> Method_clickOnDownloadButton
    156:167:void waitForTitleToFetch() -> waitForTitleToFetch
    176:184:com.crestech.opkey.plugin.communication.contracts.functionresult.FunctionResult Method_selectPage(java.lang.String,java.lang.String) -> Method_selectPage
com.crestech.opkey.plugin.keywords.Uncategorised$1 -> com.crestech.opkey.plugin.keywords.Uncategorised$1:
    com.crestech.opkey.plugin.keywords.Uncategorised this$0 -> a
    java.lang.String val$before -> b
    java.lang.String val$after -> c
    java.lang.String val$textToSearch -> d
    59:59:void <init>(com.crestech.opkey.plugin.keywords.Uncategorised,java.lang.String,java.lang.String,java.lang.String) -> <init>
    64:85:com.crestech.opkey.plugin.communication.contracts.functionresult.FunctionResult _innerRun() -> _innerRun
com.crestech.opkey.plugin.keywords.Uncategorised$2 -> com.crestech.opkey.plugin.keywords.Uncategorised$2:
    com.crestech.opkey.plugin.keywords.Uncategorised this$0 -> a
    99:99:void <init>(com.crestech.opkey.plugin.keywords.Uncategorised) -> <init>
    106:112:com.crestech.opkey.plugin.communication.contracts.functionresult.FunctionResult _innerRun() -> _innerRun
com.crestech.opkey.plugin.keywords.Uncategorised$3 -> com.crestech.opkey.plugin.keywords.Uncategorised$3:
    com.crestech.opkey.plugin.keywords.Uncategorised this$0 -> a
    116:116:void <init>(com.crestech.opkey.plugin.keywords.Uncategorised) -> <init>
    123:146:com.crestech.opkey.plugin.communication.contracts.functionresult.FunctionResult _innerRun() -> _innerRun
com.crestech.opkey.plugin.keywords.Uncategorised$4 -> com.crestech.opkey.plugin.keywords.Uncategorised$4:
    com.crestech.opkey.plugin.keywords.Uncategorised this$0 -> a
    176:176:void <init>(com.crestech.opkey.plugin.keywords.Uncategorised) -> <init>
    182:182:com.crestech.opkey.plugin.communication.contracts.functionresult.FunctionResult _innerRun() -> _innerRun
com.crestech.opkey.plugin.keywords.Utility -> com.crestech.opkey.plugin.keywords.Utility:
    java.lang.Class _class -> a
    27:27:void <clinit>() -> <clinit>
    25:25:void <init>() -> <init>
    30:56:java.lang.String validateCSS(java.lang.String) -> validateCSS
    63:126:java.util.List findElementsByTextWithBeforeAfter(java.lang.String,int,boolean,java.lang.String,java.lang.String) -> findElementsByTextWithBeforeAfter
    131:148:java.lang.String getCellText(org.openqa.selenium.WebElement) -> getCellText
    153:176:com.crestech.opkey.plugin.communication.contracts.functionresult.FunctionResult OF_ElementClick(org.openqa.selenium.WebElement) -> OF_ElementClick
    183:187:void moveToElement(org.openqa.selenium.WebElement) -> moveToElement
    190:191:com.crestech.opkey.plugin.communication.contracts.functionresult.FunctionResult Method_clickUsingJavaScript(org.openqa.selenium.WebElement) -> Method_clickUsingJavaScript
com.crestech.opkey.plugin.keywords.WebObject -> com.crestech.opkey.plugin.keywords.WebObject:
    java.lang.Class _class -> a
    32:32:void <clinit>() -> <clinit>
    30:30:void <init>() -> <init>
    36:75:com.crestech.opkey.plugin.communication.contracts.functionresult.FunctionResult OF_GetObjectTextByLabel(java.lang.String,int,boolean,boolean,com.crestech.opkey.plugin.webdriver.object.WebDriverObject) -> OF_GetObjectTextByLabel
    94:147:com.crestech.opkey.plugin.communication.contracts.functionresult.FunctionResult OF_GetObjectTextByLabelHelper(java.lang.String,int,boolean,boolean) -> OF_GetObjectTextByLabelHelper
    151:159:com.crestech.opkey.plugin.communication.contracts.functionresult.FunctionResult Custom_Method_StringContains(java.lang.String,java.lang.String,boolean) -> Custom_Method_StringContains
    164:177:java.lang.String getDropdownText(org.openqa.selenium.WebElement) -> getDropdownText
    181:199:com.crestech.opkey.plugin.communication.contracts.functionresult.FunctionResult Method_OF_ZoomOut(com.crestech.opkey.plugin.webdriver.object.WebDriverObject) -> Method_OF_ZoomOut
    163:163:java.lang.String access$0(com.crestech.opkey.plugin.keywords.WebObject,org.openqa.selenium.WebElement) -> access$0
com.crestech.opkey.plugin.keywords.WebObject$1 -> com.crestech.opkey.plugin.keywords.WebObject$1:
    com.crestech.opkey.plugin.keywords.WebObject this$0 -> a
    java.lang.String val$OtextSearch -> b
    boolean val$OisContains -> c
    int val$Oindex -> d
    94:94:void <init>(com.crestech.opkey.plugin.keywords.WebObject,java.lang.String,boolean,int) -> <init>
    103:144:com.crestech.opkey.plugin.communication.contracts.functionresult.FunctionResult _innerRun() -> _innerRun
com.crestech.opkey.plugin.keywords.WebObject$2 -> com.crestech.opkey.plugin.keywords.WebObject$2:
    com.crestech.opkey.plugin.keywords.WebObject this$0 -> a
    com.crestech.opkey.plugin.webdriver.object.WebDriverObject val$object -> c
    181:181:void <init>(com.crestech.opkey.plugin.keywords.WebObject,com.crestech.opkey.plugin.webdriver.object.WebDriverObject) -> <init>
    188:189:org.openqa.selenium.WebElement _innerRun() -> _innerRun
    1:1:java.lang.Object _innerRun() -> _innerRun
com.crestech.opkey.plugin.keywords.web.DynamicMethods -> com.crestech.opkey.plugin.keywords.web.DynamicMethods:
    8:8:void <init>() -> <init>
    14:14:com.crestech.opkey.plugin.communication.contracts.functionresult.FunctionResult Oracle_selectDropDownByText(java.lang.String,int,boolean,java.lang.String,boolean,boolean,com.crestech.opkey.plugin.webdriver.object.WebDriverObject) -> Oracle_selectDropDownByText
com.crestech.opkey.plugin.tableAdapter.CellAdapter -> com.crestech.opkey.plugin.tableAdapter.CellAdapter:
    org.jsoup.nodes.Element cell -> a
    int rowSpan -> b
    int colSpan -> c
    java.lang.String getElementXpath -> d
    17:20:void <init>(org.jsoup.nodes.Element) -> <init>
    24:26:void ParseCell() -> ParseCell
    34:34:int getColSpan() -> getColSpan
    38:39:void setColSpan(int) -> setColSpan
    47:47:int getRowSpan() -> getRowSpan
    51:52:void setRowSpan(int) -> setRowSpan
    55:56:java.lang.String getGetElementXpath(org.jsoup.nodes.Node) -> getGetElementXpath
    60:67:java.lang.String createXpath(org.jsoup.nodes.Node) -> createXpath
    72:81:int elementIndex(org.jsoup.nodes.Node) -> elementIndex
com.crestech.opkey.plugin.tableAdapter.QueryAdapter -> com.crestech.opkey.plugin.tableAdapter.QueryAdapter:
    java.lang.Class _class -> a
    java.lang.String cellName -> c
    int cellNumber -> d
    java.lang.String header1 -> e
    java.lang.String header2 -> f
    java.lang.String header3 -> g
    java.lang.String header4 -> h
    java.lang.String header5 -> i
    java.lang.String value1 -> j
    java.lang.String value2 -> k
    java.lang.String value3 -> l
    java.lang.String value4 -> m
    java.lang.String value5 -> n
    int header1Index -> o
    int header2Index -> p
    int header3Index -> q
    int header4Index -> r
    int header5Index -> s
    java.lang.String header1Value -> b
    com.crestech.opkey.plugin.tableAdapter.TableAdpater tableAdapter -> t
    org.openqa.selenium.WebElement mainDiv -> u
    17:24:void <clinit>() -> <clinit>
    23:64:void <init>(org.openqa.selenium.WebElement,java.lang.String,java.lang.String,java.lang.String,java.lang.String,java.lang.String,java.lang.String,java.lang.String,java.lang.String,java.lang.String,java.lang.String,java.lang.String) -> <init>
    67:72:java.lang.String getTrimmedData(java.lang.String) -> getTrimmedData
    76:81:java.util.List findElements() -> findElements
    86:99:java.util.List findCells() -> findCells
    103:104:java.util.List getAllRowsByQuery() -> getAllRowsByQuery
    108:120:java.util.List findAllElementsWithValueAndHeaderIndex() -> findAllElementsWithValueAndHeaderIndex
    124:129:java.util.List findAllElementsWithTextInColumn(java.lang.String,int) -> findAllElementsWithTextInColumn
    134:145:java.util.List interSection(java.util.List,java.util.List,java.util.List,java.util.List,java.util.List) -> interSection
    150:151:void printAllElements() -> printAllElements
com.crestech.opkey.plugin.tableAdapter.RowAdapter -> com.crestech.opkey.plugin.tableAdapter.RowAdapter:
    org.jsoup.nodes.Element row -> a
    int rowNumber -> b
    org.jsoup.nodes.Element[][] table -> c
    int innerTableCellSize -> d
    20:26:void <init>(org.jsoup.nodes.Element[][],org.jsoup.nodes.Element,int,int) -> <init>
    32:70:void ParseRow() -> ParseRow
    79:87:int getNextEmptyCellIndex(int) -> getNextEmptyCellIndex
com.crestech.opkey.plugin.tableAdapter.TableAdpater -> com.crestech.opkey.plugin.tableAdapter.TableAdpater:
    java.lang.Class _class -> a
    java.util.List rows -> b
    org.jsoup.nodes.Element[][] table -> c
    int headerMaxIndex -> d
    org.openqa.selenium.WebElement element -> e
    26:26:void <clinit>() -> <clinit>
    37:38:void <init>(org.openqa.selenium.WebElement) -> <init>
    28:56:void <init>(org.openqa.selenium.WebElement,boolean) -> <init>
    60:70:void injectUniqeID(org.openqa.selenium.WebElement) -> injectUniqeID
    28:74:void <init>(org.jsoup.nodes.Document,boolean) -> <init>
    86:223:void parseTable(org.jsoup.nodes.Document,boolean) -> parseTable
    233:259:int getInnerCellsOfLastColumnOfTable(org.jsoup.nodes.Element) -> getInnerCellsOfLastColumnOfTable
    269:291:boolean parseTabledataRows(org.jsoup.nodes.Element,boolean) -> parseTabledataRows
    295:295:int getHeaderMaxIndex() -> getHeaderMaxIndex
    299:302:int getHeaderMaxIndexForImpactAnalysis() -> getHeaderMaxIndexForImpactAnalysis
    306:316:void removeAllInnerTables(org.jsoup.nodes.Element) -> removeAllInnerTables
    325:349:boolean checkTableContainsOnlyHeader(org.jsoup.nodes.Element) -> checkTableContainsOnlyHeader
    353:367:java.lang.String getString(java.lang.String) -> getString
    374:382:int getNextEmptyCellIndex() -> getNextEmptyCellIndex
    386:429:int getHeaderNumber(java.lang.String,int) -> getHeaderNumber
    433:439:java.util.List getAllCellsWithText(java.lang.String,int) -> getAllCellsWithText
    443:507:java.util.List getAllRowIndexWithCellText(java.lang.String,int) -> getAllRowIndexWithCellText
    512:522:int getAllColumnCount() -> getAllColumnCount
    527:528:int getRowsCountInsideTableBody() -> getRowsCountInsideTableBody
    533:562:org.jsoup.nodes.Element getElement(int,int,boolean) -> getElement
    566:567:java.lang.String getTableHeadersName(java.lang.String) -> getTableHeadersName
    571:571:org.jsoup.nodes.Element[][] getTable() -> getTable
    576:592:java.lang.String validateCSS(java.lang.String) -> validateCSS
    597:622:void printTable() -> printTable
    516:516:boolean lambda$0(org.jsoup.nodes.Element) -> lambda$0
    527:527:boolean lambda$1(org.jsoup.nodes.Element[]) -> lambda$1
    566:566:boolean lambda$2(org.jsoup.nodes.Element) -> lambda$2
    567:567:java.lang.String lambda$3(org.jsoup.nodes.Element) -> lambda$3
